Jun 14 09:25:44 Nfs blkmapd[510]: open pipe file /run/rpc_pipefs/nfs/blocklayout failed: No such file or directory
Jun 14 09:25:44 Nfs systemd-modules-load[495]: Inserted module 'msr'
Jun 14 09:25:44 Nfs systemd-sysctl[511]: Not setting net/ipv4/conf/all/promote_secondaries (explicit setting exists).
Jun 14 09:25:44 Nfs systemd-sysctl[511]: Not setting net/ipv4/conf/default/promote_secondaries (explicit setting exists).
Jun 14 09:25:44 Nfs systemd[1]: Finished udev Coldplug all Devices.
Jun 14 09:25:44 Nfs systemd[1]: Condition check resulted in Show Plymouth Boot Screen being skipped.
Jun 14 09:25:44 Nfs systemd[1]: Started Dispatch Password Requests to Console Directory Watch.
Jun 14 09:25:44 Nfs systemd[1]: Condition check resulted in Forward Password Requests to Plymouth Directory Watch being skipped.
Jun 14 09:25:44 Nfs systemd[1]: Reached target Local Encrypted Volumes.
Jun 14 09:25:44 Nfs systemd[1]: Starting udev Wait for Complete Device Initialization...
Jun 14 09:25:44 Nfs systemd-udevd[532]: Using default interface naming scheme 'v245'.
Jun 14 09:25:44 Nfs systemd-udevd[532]: ethtool: autonegotiation is unset or enabled, the speed and duplex are not writable.
Jun 14 09:25:44 Nfs systemd-udevd[523]: Using default interface naming scheme 'v245'.
Jun 14 09:25:44 Nfs systemd-udevd[523]: ethtool: autonegotiation is unset or enabled, the speed and duplex are not writable.
Jun 14 09:25:44 Nfs multipath: sda: failed to get udev uid: Invalid argument
Jun 14 09:25:44 Nfs multipath: sda: failed to get sysfs uid: Invalid argument
Jun 14 09:25:44 Nfs multipath: sda: failed to get sgio uid: No such file or directory
Jun 14 09:25:44 Nfs systemd-udevd[525]: ethtool: autonegotiation is unset or enabled, the speed and duplex are not writable.
Jun 14 09:25:44 Nfs systemd[1]: proc-sys-fs-binfmt_misc.automount: Got automount request for /proc/sys/fs/binfmt_misc, triggered by 555 (snap)
Jun 14 09:25:44 Nfs systemd[1]: Mounting Arbitrary Executable File Formats File System...
Jun 14 09:25:44 Nfs systemd[1]: Mounted Arbitrary Executable File Formats File System.
Jun 14 09:25:44 Nfs systemd[1]: proc-sys-fs-binfmt_misc.automount: Got automount request for /proc/sys/fs/binfmt_misc, triggered by 555 (snap)
Jun 14 09:25:44 Nfs systemd[1]: proc-sys-fs-binfmt_misc.automount: Automount point already active?
Jun 14 09:25:44 Nfs systemd[1]: proc-sys-fs-binfmt_misc.automount: Got automount request for /proc/sys/fs/binfmt_misc, triggered by 555 (snap)
Jun 14 09:25:44 Nfs systemd[1]: proc-sys-fs-binfmt_misc.automount: Automount point already active?
Jun 14 09:25:44 Nfs systemd[1]: proc-sys-fs-binfmt_misc.automount: Got automount request for /proc/sys/fs/binfmt_misc, triggered by 555 (snap)
Jun 14 09:25:44 Nfs systemd[1]: proc-sys-fs-binfmt_misc.automount: Automount point already active?
Jun 14 09:25:44 Nfs systemd[1]: proc-sys-fs-binfmt_misc.automount: Got automount request for /proc/sys/fs/binfmt_misc, triggered by 555 (snap)
Jun 14 09:25:44 Nfs systemd[1]: proc-sys-fs-binfmt_misc.automount: Automount point already active?
Jun 14 09:25:44 Nfs systemd[1]: proc-sys-fs-binfmt_misc.automount: Got automount request for /proc/sys/fs/binfmt_misc, triggered by 555 (snap)
Jun 14 09:25:44 Nfs systemd[1]: proc-sys-fs-binfmt_misc.automount: Automount point already active?
Jun 14 09:25:44 Nfs systemd[1]: proc-sys-fs-binfmt_misc.automount: Got automount request for /proc/sys/fs/binfmt_misc, triggered by 555 (snap)
Jun 14 09:25:44 Nfs systemd[1]: proc-sys-fs-binfmt_misc.automount: Automount point already active?
Jun 14 09:25:44 Nfs systemd[1]: proc-sys-fs-binfmt_misc.automount: Got automount request for /proc/sys/fs/binfmt_misc, triggered by 555 (snap)
Jun 14 09:25:44 Nfs systemd[1]: proc-sys-fs-binfmt_misc.automount: Automount point already active?
Jun 14 09:25:44 Nfs systemd[1]: proc-sys-fs-binfmt_misc.automount: Got automount request for /proc/sys/fs/binfmt_misc, triggered by 555 (snap)
Jun 14 09:25:44 Nfs systemd[1]: proc-sys-fs-binfmt_misc.automount: Automount point already active?
Jun 14 09:25:44 Nfs systemd[1]: proc-sys-fs-binfmt_misc.automount: Got automount request for /proc/sys/fs/binfmt_misc, triggered by 555 (snap)
Jun 14 09:25:44 Nfs systemd[1]: proc-sys-fs-binfmt_misc.automount: Automount point already active?
Jun 14 09:25:44 Nfs systemd[1]: proc-sys-fs-binfmt_misc.automount: Got automount request for /proc/sys/fs/binfmt_misc, triggered by 555 (snap)
Jun 14 09:25:44 Nfs systemd[1]: proc-sys-fs-binfmt_misc.automount: Automount point already active?
Jun 14 09:25:44 Nfs kernel: [    0.000000] Linux version 5.4.0-182-generic (buildd@lcy02-amd64-069) (gcc version 9.4.0 (Ubuntu 9.4.0-1ubuntu1~20.04.2)) #202-Ubuntu SMP Fri Apr 26 12:29:36 UTC 2024 (Ubuntu 5.4.0-182.202-generic 5.4.269)
Jun 14 09:25:44 Nfs kernel: [    0.000000] Command line: BOOT_IMAGE=/boot/vmlinuz-5.4.0-182-generic root=UUID=4b2406f4-9ff1-4ace-9d36-68d8b72923ee ro maybe-ubiquity
Jun 14 09:25:44 Nfs kernel: [    0.000000] KERNEL supported cpus:
Jun 14 09:25:44 Nfs kernel: [    0.000000]   Intel GenuineIntel
Jun 14 09:25:44 Nfs kernel: [    0.000000]   AMD AuthenticAMD
Jun 14 09:25:44 Nfs kernel: [    0.000000]   Hygon HygonGenuine
Jun 14 09:25:44 Nfs kernel: [    0.000000]   Centaur CentaurHauls
Jun 14 09:25:44 Nfs kernel: [    0.000000]   zhaoxin   Shanghai  
Jun 14 09:25:44 Nfs kernel: [    0.000000] Disabled fast string operations
Jun 14 09:25:44 Nfs kernel: [    0.000000] BIOS-provided physical RAM map:
Jun 14 09:25:44 Nfs kernel: [    0.000000] BIOS-e820: [mem 0x0000000000000000-0x000000000009e7ff] usable
Jun 14 09:25:44 Nfs kernel: [    0.000000] BIOS-e820: [mem 0x000000000009e800-0x000000000009ffff] reserved
Jun 14 09:25:44 Nfs kernel: [    0.000000] BIOS-e820: [mem 0x00000000000dc000-0x00000000000fffff] reserved
Jun 14 09:25:44 Nfs kernel: [    0.000000] BIOS-e820: [mem 0x0000000000100000-0x000000007fedffff] usable
Jun 14 09:25:44 Nfs kernel: [    0.000000] BIOS-e820: [mem 0x000000007fee0000-0x000000007fefefff] ACPI data
Jun 14 09:25:44 Nfs kernel: [    0.000000] BIOS-e820: [mem 0x000000007feff000-0x000000007fefffff] ACPI NVS
Jun 14 09:25:44 Nfs kernel: [    0.000000] BIOS-e820: [mem 0x000000007ff00000-0x000000007fffffff] usable
Jun 14 09:25:44 Nfs kernel: [    0.000000] BIOS-e820: [mem 0x00000000f0000000-0x00000000f7ffffff] reserved
Jun 14 09:25:44 Nfs kernel: [    0.000000] BIOS-e820: [mem 0x00000000fec00000-0x00000000fec0ffff] reserved
Jun 14 09:25:44 Nfs kernel: [    0.000000] BIOS-e820: [mem 0x00000000fee00000-0x00000000fee00fff] reserved
Jun 14 09:25:44 Nfs kernel: [    0.000000] BIOS-e820: [mem 0x00000000fffe0000-0x00000000ffffffff] reserved
Jun 14 09:25:44 Nfs kernel: [    0.000000] NX (Execute Disable) protection: active
Jun 14 09:25:44 Nfs kernel: [    0.000000] SMBIOS 2.7 present.
Jun 14 09:25:44 Nfs kernel: [    0.000000] DMI: VMware, Inc. VMware Virtual Platform/440BX Desktop Reference Platform, BIOS 6.00 11/12/2020
Jun 14 09:25:44 Nfs kernel: [    0.000000] vmware: hypercall mode: 0x02
Jun 14 09:25:44 Nfs kernel: [    0.000000] Hypervisor detected: VMware
Jun 14 09:25:44 Nfs kernel: [    0.000000] vmware: TSC freq read from hypervisor : 2496.004 MHz
Jun 14 09:25:44 Nfs kernel: [    0.000000] vmware: Host bus clock speed read from hypervisor : 66000000 Hz
Jun 14 09:25:44 Nfs kernel: [    0.000000] vmware: using sched offset of 6780138459 ns
Jun 14 09:25:44 Nfs kernel: [    0.000001] tsc: Detected 2496.004 MHz processor
Jun 14 09:25:44 Nfs kernel: [    0.004618] e820: update [mem 0x00000000-0x00000fff] usable ==> reserved
Jun 14 09:25:44 Nfs kernel: [    0.004621] e820: remove [mem 0x000a0000-0x000fffff] usable
Jun 14 09:25:44 Nfs kernel: [    0.004625] last_pfn = 0x80000 max_arch_pfn = 0x400000000
Jun 14 09:25:44 Nfs kernel: [    0.004645] MTRR default type: uncachable
Jun 14 09:25:44 Nfs kernel: [    0.004646] MTRR fixed ranges enabled:
Jun 14 09:25:44 Nfs kernel: [    0.004647]   00000-9FFFF write-back
Jun 14 09:25:44 Nfs kernel: [    0.004648]   A0000-BFFFF uncachable
Jun 14 09:25:44 Nfs kernel: [    0.004648]   C0000-CBFFF write-protect
Jun 14 09:25:44 Nfs kernel: [    0.004649]   CC000-EFFFF uncachable
Jun 14 09:25:44 Nfs kernel: [    0.004649]   F0000-FFFFF write-protect
Jun 14 09:25:44 Nfs kernel: [    0.004650] MTRR variable ranges enabled:
Jun 14 09:25:44 Nfs kernel: [    0.004651]   0 base 000000000000 mask 1FFF00000000 write-back
Jun 14 09:25:44 Nfs kernel: [    0.004652]   1 base 0000C0000000 mask 1FFFC0000000 uncachable
Jun 14 09:25:44 Nfs kernel: [    0.004652]   2 disabled
Jun 14 09:25:44 Nfs kernel: [    0.004653]   3 disabled
Jun 14 09:25:44 Nfs kernel: [    0.004653]   4 disabled
Jun 14 09:25:44 Nfs kernel: [    0.004653]   5 disabled
Jun 14 09:25:44 Nfs kernel: [    0.004654]   6 disabled
Jun 14 09:25:44 Nfs kernel: [    0.004654]   7 disabled
Jun 14 09:25:44 Nfs kernel: [    0.004673] x86/PAT: Configuration [0-7]: WB  WC  UC- UC  WB  WP  UC- WT  
Jun 14 09:25:44 Nfs kernel: [    0.004686] total RAM covered: 3072M
Jun 14 09:25:44 Nfs kernel: [    0.005180] Found optimal setting for mtrr clean up
Jun 14 09:25:44 Nfs kernel: [    0.005182]  gran_size: 64K 	chunk_size: 64K 	num_reg: 2  	lose cover RAM: 0G
Jun 14 09:25:44 Nfs kernel: [    0.015949] found SMP MP-table at [mem 0x000f6a70-0x000f6a7f]
Jun 14 09:25:44 Nfs kernel: [    0.019946] check: Scanning 1 areas for low memory corruption
Jun 14 09:25:44 Nfs kernel: [    0.019990] Using GB pages for direct mapping
Jun 14 09:25:44 Nfs kernel: [    0.020099] RAMDISK: [mem 0x2d879000-0x32c33fff]
Jun 14 09:25:44 Nfs kernel: [    0.020104] ACPI: Early table checksum verification disabled
Jun 14 09:25:44 Nfs kernel: [    0.020109] ACPI: RSDP 0x00000000000F6A00 000024 (v02 PTLTD )
Jun 14 09:25:44 Nfs kernel: [    0.020114] ACPI: XSDT 0x000000007FEE965B 00005C (v01 INTEL  440BX    06040000 VMW  01324272)
Jun 14 09:25:44 Nfs kernel: [    0.020119] ACPI: FACP 0x000000007FEFEE73 0000F4 (v04 INTEL  440BX    06040000 PTL  000F4240)
Jun 14 09:25:44 Nfs kernel: [    0.020125] ACPI: DSDT 0x000000007FEEAD55 01411E (v01 PTLTD  Custom   06040000 MSFT 03000001)
Jun 14 09:25:44 Nfs kernel: [    0.020148] ACPI: FACS 0x000000007FEFFFC0 000040
Jun 14 09:25:44 Nfs kernel: [    0.020151] ACPI: FACS 0x000000007FEFFFC0 000040
Jun 14 09:25:44 Nfs kernel: [    0.020154] ACPI: BOOT 0x000000007FEEAD2D 000028 (v01 PTLTD  $SBFTBL$ 06040000  LTP 00000001)
Jun 14 09:25:44 Nfs kernel: [    0.020158] ACPI: APIC 0x000000007FEEA5EB 000742 (v01 PTLTD  ? APIC   06040000  LTP 00000000)
Jun 14 09:25:44 Nfs kernel: [    0.020161] ACPI: MCFG 0x000000007FEEA5AF 00003C (v01 PTLTD  $PCITBL$ 06040000  LTP 00000001)
Jun 14 09:25:44 Nfs kernel: [    0.020164] ACPI: SRAT 0x000000007FEE9757 0008A8 (v02 VMWARE MEMPLUG  06040000 VMW  00000001)
Jun 14 09:25:44 Nfs kernel: [    0.020168] ACPI: HPET 0x000000007FEE971F 000038 (v01 VMWARE VMW HPET 06040000 VMW  00000001)
Jun 14 09:25:44 Nfs kernel: [    0.020171] ACPI: WAET 0x000000007FEE96F7 000028 (v01 VMWARE VMW WAET 06040000 VMW  00000001)
Jun 14 09:25:44 Nfs kernel: [    0.020174] ACPI: Reserving FACP table memory at [mem 0x7fefee73-0x7fefef66]
Jun 14 09:25:44 Nfs kernel: [    0.020175] ACPI: Reserving DSDT table memory at [mem 0x7feead55-0x7fefee72]
Jun 14 09:25:44 Nfs kernel: [    0.020176] ACPI: Reserving FACS table memory at [mem 0x7fefffc0-0x7fefffff]
Jun 14 09:25:44 Nfs kernel: [    0.020177] ACPI: Reserving FACS table memory at [mem 0x7fefffc0-0x7fefffff]
Jun 14 09:25:44 Nfs kernel: [    0.020177] ACPI: Reserving BOOT table memory at [mem 0x7feead2d-0x7feead54]
Jun 14 09:25:44 Nfs kernel: [    0.020178] ACPI: Reserving APIC table memory at [mem 0x7feea5eb-0x7feead2c]
Jun 14 09:25:44 Nfs kernel: [    0.020179] ACPI: Reserving MCFG table memory at [mem 0x7feea5af-0x7feea5ea]
Jun 14 09:25:44 Nfs kernel: [    0.020179] ACPI: Reserving SRAT table memory at [mem 0x7fee9757-0x7fee9ffe]
Jun 14 09:25:44 Nfs kernel: [    0.020180] ACPI: Reserving HPET table memory at [mem 0x7fee971f-0x7fee9756]
Jun 14 09:25:44 Nfs kernel: [    0.020181] ACPI: Reserving WAET table memory at [mem 0x7fee96f7-0x7fee971e]
Jun 14 09:25:44 Nfs kernel: [    0.020209] ACPI: Local APIC address 0xfee00000
Jun 14 09:25:44 Nfs kernel: [    0.020225] system APIC only can use physical flat
Jun 14 09:25:44 Nfs kernel: [    0.020225] Setting APIC routing to physical flat.
Jun 14 09:25:44 Nfs kernel: [    0.020270] SRAT: PXM 0 -> APIC 0x00 -> Node 0
Jun 14 09:25:44 Nfs kernel: [    0.020271] SRAT: PXM 0 -> APIC 0x02 -> Node 0
Jun 14 09:25:44 Nfs kernel: [    0.020272] SRAT: PXM 0 -> APIC 0x04 -> Node 0
Jun 14 09:25:44 Nfs kernel: [    0.020272] SRAT: PXM 0 -> APIC 0x06 -> Node 0
Jun 14 09:25:44 Nfs kernel: [    0.020273] SRAT: PXM 0 -> APIC 0x08 -> Node 0
Jun 14 09:25:44 Nfs kernel: [    0.020274] SRAT: PXM 0 -> APIC 0x0a -> Node 0
Jun 14 09:25:44 Nfs kernel: [    0.020274] SRAT: PXM 0 -> APIC 0x0c -> Node 0
Jun 14 09:25:44 Nfs kernel: [    0.020275] SRAT: PXM 0 -> APIC 0x0e -> Node 0
Jun 14 09:25:44 Nfs kernel: [    0.020276] SRAT: PXM 0 -> APIC 0x10 -> Node 0
Jun 14 09:25:44 Nfs kernel: [    0.020276] SRAT: PXM 0 -> APIC 0x12 -> Node 0
Jun 14 09:25:44 Nfs kernel: [    0.020277] SRAT: PXM 0 -> APIC 0x14 -> Node 0
Jun 14 09:25:44 Nfs kernel: [    0.020277] SRAT: PXM 0 -> APIC 0x16 -> Node 0
Jun 14 09:25:44 Nfs kernel: [    0.020278] SRAT: PXM 0 -> APIC 0x18 -> Node 0
Jun 14 09:25:44 Nfs kernel: [    0.020278] SRAT: PXM 0 -> APIC 0x1a -> Node 0
Jun 14 09:25:44 Nfs kernel: [    0.020279] SRAT: PXM 0 -> APIC 0x1c -> Node 0
Jun 14 09:25:44 Nfs kernel: [    0.020280] SRAT: PXM 0 -> APIC 0x1e -> Node 0
Jun 14 09:25:44 Nfs kernel: [    0.020280] SRAT: PXM 0 -> APIC 0x20 -> Node 0
Jun 14 09:25:44 Nfs kernel: [    0.020281] SRAT: PXM 0 -> APIC 0x22 -> Node 0
Jun 14 09:25:44 Nfs kernel: [    0.020281] SRAT: PXM 0 -> APIC 0x24 -> Node 0
Jun 14 09:25:44 Nfs kernel: [    0.020282] SRAT: PXM 0 -> APIC 0x26 -> Node 0
Jun 14 09:25:44 Nfs kernel: [    0.020283] SRAT: PXM 0 -> APIC 0x28 -> Node 0
Jun 14 09:25:44 Nfs kernel: [    0.020283] SRAT: PXM 0 -> APIC 0x2a -> Node 0
Jun 14 09:25:44 Nfs kernel: [    0.020284] SRAT: PXM 0 -> APIC 0x2c -> Node 0
Jun 14 09:25:44 Nfs kernel: [    0.020284] SRAT: PXM 0 -> APIC 0x2e -> Node 0
Jun 14 09:25:44 Nfs kernel: [    0.020285] SRAT: PXM 0 -> APIC 0x30 -> Node 0
Jun 14 09:25:44 Nfs kernel: [    0.020286] SRAT: PXM 0 -> APIC 0x32 -> Node 0
Jun 14 09:25:44 Nfs kernel: [    0.020286] SRAT: PXM 0 -> APIC 0x34 -> Node 0
Jun 14 09:25:44 Nfs kernel: [    0.020287] SRAT: PXM 0 -> APIC 0x36 -> Node 0
Jun 14 09:25:44 Nfs kernel: [    0.020287] SRAT: PXM 0 -> APIC 0x38 -> Node 0
Jun 14 09:25:44 Nfs kernel: [    0.020288] SRAT: PXM 0 -> APIC 0x3a -> Node 0
Jun 14 09:25:44 Nfs kernel: [    0.020289] SRAT: PXM 0 -> APIC 0x3c -> Node 0
Jun 14 09:25:44 Nfs kernel: [    0.020289] SRAT: PXM 0 -> APIC 0x3e -> Node 0
Jun 14 09:25:44 Nfs kernel: [    0.020290] SRAT: PXM 0 -> APIC 0x40 -> Node 0
Jun 14 09:25:44 Nfs kernel: [    0.020290] SRAT: PXM 0 -> APIC 0x42 -> Node 0
Jun 14 09:25:44 Nfs kernel: [    0.020291] SRAT: PXM 0 -> APIC 0x44 -> Node 0
Jun 14 09:25:44 Nfs kernel: [    0.020292] SRAT: PXM 0 -> APIC 0x46 -> Node 0
Jun 14 09:25:44 Nfs kernel: [    0.020292] SRAT: PXM 0 -> APIC 0x48 -> Node 0
Jun 14 09:25:44 Nfs kernel: [    0.020293] SRAT: PXM 0 -> APIC 0x4a -> Node 0
Jun 14 09:25:44 Nfs kernel: [    0.020293] SRAT: PXM 0 -> APIC 0x4c -> Node 0
Jun 14 09:25:44 Nfs kernel: [    0.020294] SRAT: PXM 0 -> APIC 0x4e -> Node 0
Jun 14 09:25:44 Nfs kernel: [    0.020295] SRAT: PXM 0 -> APIC 0x50 -> Node 0
Jun 14 09:25:44 Nfs kernel: [    0.020295] SRAT: PXM 0 -> APIC 0x52 -> Node 0
Jun 14 09:25:44 Nfs kernel: [    0.020296] SRAT: PXM 0 -> APIC 0x54 -> Node 0
Jun 14 09:25:44 Nfs kernel: [    0.020296] SRAT: PXM 0 -> APIC 0x56 -> Node 0
Jun 14 09:25:44 Nfs kernel: [    0.020297] SRAT: PXM 0 -> APIC 0x58 -> Node 0
Jun 14 09:25:44 Nfs kernel: [    0.020298] SRAT: PXM 0 -> APIC 0x5a -> Node 0
Jun 14 09:25:44 Nfs kernel: [    0.020298] SRAT: PXM 0 -> APIC 0x5c -> Node 0
Jun 14 09:25:44 Nfs kernel: [    0.020299] SRAT: PXM 0 -> APIC 0x5e -> Node 0
Jun 14 09:25:44 Nfs kernel: [    0.020299] SRAT: PXM 0 -> APIC 0x60 -> Node 0
Jun 14 09:25:44 Nfs kernel: [    0.020300] SRAT: PXM 0 -> APIC 0x62 -> Node 0
Jun 14 09:25:44 Nfs kernel: [    0.020300] SRAT: PXM 0 -> APIC 0x64 -> Node 0
Jun 14 09:25:44 Nfs kernel: [    0.020301] SRAT: PXM 0 -> APIC 0x66 -> Node 0
Jun 14 09:25:44 Nfs kernel: [    0.020302] SRAT: PXM 0 -> APIC 0x68 -> Node 0
Jun 14 09:25:44 Nfs kernel: [    0.020302] SRAT: PXM 0 -> APIC 0x6a -> Node 0
Jun 14 09:25:44 Nfs kernel: [    0.020303] SRAT: PXM 0 -> APIC 0x6c -> Node 0
Jun 14 09:25:44 Nfs kernel: [    0.020303] SRAT: PXM 0 -> APIC 0x6e -> Node 0
Jun 14 09:25:44 Nfs kernel: [    0.020304] SRAT: PXM 0 -> APIC 0x70 -> Node 0
Jun 14 09:25:44 Nfs kernel: [    0.020305] SRAT: PXM 0 -> APIC 0x72 -> Node 0
Jun 14 09:25:44 Nfs kernel: [    0.020305] SRAT: PXM 0 -> APIC 0x74 -> Node 0
Jun 14 09:25:44 Nfs kernel: [    0.020306] SRAT: PXM 0 -> APIC 0x76 -> Node 0
Jun 14 09:25:44 Nfs kernel: [    0.020306] SRAT: PXM 0 -> APIC 0x78 -> Node 0
Jun 14 09:25:44 Nfs kernel: [    0.020307] SRAT: PXM 0 -> APIC 0x7a -> Node 0
Jun 14 09:25:44 Nfs kernel: [    0.020308] SRAT: PXM 0 -> APIC 0x7c -> Node 0
Jun 14 09:25:44 Nfs kernel: [    0.020308] SRAT: PXM 0 -> APIC 0x7e -> Node 0
Jun 14 09:25:44 Nfs kernel: [    0.020309] SRAT: PXM 0 -> APIC 0x80 -> Node 0
Jun 14 09:25:44 Nfs kernel: [    0.020309] SRAT: PXM 0 -> APIC 0x82 -> Node 0
Jun 14 09:25:44 Nfs kernel: [    0.020310] SRAT: PXM 0 -> APIC 0x84 -> Node 0
Jun 14 09:25:44 Nfs kernel: [    0.020311] SRAT: PXM 0 -> APIC 0x86 -> Node 0
Jun 14 09:25:44 Nfs kernel: [    0.020311] SRAT: PXM 0 -> APIC 0x88 -> Node 0
Jun 14 09:25:44 Nfs kernel: [    0.020312] SRAT: PXM 0 -> APIC 0x8a -> Node 0
Jun 14 09:25:44 Nfs kernel: [    0.020312] SRAT: PXM 0 -> APIC 0x8c -> Node 0
Jun 14 09:25:44 Nfs kernel: [    0.020313] SRAT: PXM 0 -> APIC 0x8e -> Node 0
Jun 14 09:25:44 Nfs kernel: [    0.020314] SRAT: PXM 0 -> APIC 0x90 -> Node 0
Jun 14 09:25:44 Nfs kernel: [    0.020314] SRAT: PXM 0 -> APIC 0x92 -> Node 0
Jun 14 09:25:44 Nfs kernel: [    0.020315] SRAT: PXM 0 -> APIC 0x94 -> Node 0
Jun 14 09:25:44 Nfs kernel: [    0.020315] SRAT: PXM 0 -> APIC 0x96 -> Node 0
Jun 14 09:25:44 Nfs kernel: [    0.020316] SRAT: PXM 0 -> APIC 0x98 -> Node 0
Jun 14 09:25:44 Nfs kernel: [    0.020317] SRAT: PXM 0 -> APIC 0x9a -> Node 0
Jun 14 09:25:44 Nfs kernel: [    0.020317] SRAT: PXM 0 -> APIC 0x9c -> Node 0
Jun 14 09:25:44 Nfs kernel: [    0.020318] SRAT: PXM 0 -> APIC 0x9e -> Node 0
Jun 14 09:25:44 Nfs kernel: [    0.020318] SRAT: PXM 0 -> APIC 0xa0 -> Node 0
Jun 14 09:25:44 Nfs kernel: [    0.020319] SRAT: PXM 0 -> APIC 0xa2 -> Node 0
Jun 14 09:25:44 Nfs kernel: [    0.020320] SRAT: PXM 0 -> APIC 0xa4 -> Node 0
Jun 14 09:25:44 Nfs kernel: [    0.020320] SRAT: PXM 0 -> APIC 0xa6 -> Node 0
Jun 14 09:25:44 Nfs kernel: [    0.020321] SRAT: PXM 0 -> APIC 0xa8 -> Node 0
Jun 14 09:25:44 Nfs kernel: [    0.020321] SRAT: PXM 0 -> APIC 0xaa -> Node 0
Jun 14 09:25:44 Nfs kernel: [    0.020322] SRAT: PXM 0 -> APIC 0xac -> Node 0
Jun 14 09:25:44 Nfs kernel: [    0.020323] SRAT: PXM 0 -> APIC 0xae -> Node 0
Jun 14 09:25:44 Nfs kernel: [    0.020323] SRAT: PXM 0 -> APIC 0xb0 -> Node 0
Jun 14 09:25:44 Nfs kernel: [    0.020324] SRAT: PXM 0 -> APIC 0xb2 -> Node 0
Jun 14 09:25:44 Nfs kernel: [    0.020324] SRAT: PXM 0 -> APIC 0xb4 -> Node 0
Jun 14 09:25:44 Nfs kernel: [    0.020325] SRAT: PXM 0 -> APIC 0xb6 -> Node 0
Jun 14 09:25:44 Nfs kernel: [    0.020326] SRAT: PXM 0 -> APIC 0xb8 -> Node 0
Jun 14 09:25:44 Nfs kernel: [    0.020326] SRAT: PXM 0 -> APIC 0xba -> Node 0
Jun 14 09:25:44 Nfs kernel: [    0.020327] SRAT: PXM 0 -> APIC 0xbc -> Node 0
Jun 14 09:25:44 Nfs kernel: [    0.020327] SRAT: PXM 0 -> APIC 0xbe -> Node 0
Jun 14 09:25:44 Nfs kernel: [    0.020328] SRAT: PXM 0 -> APIC 0xc0 -> Node 0
Jun 14 09:25:44 Nfs kernel: [    0.020329] SRAT: PXM 0 -> APIC 0xc2 -> Node 0
Jun 14 09:25:44 Nfs kernel: [    0.020329] SRAT: PXM 0 -> APIC 0xc4 -> Node 0
Jun 14 09:25:44 Nfs kernel: [    0.020330] SRAT: PXM 0 -> APIC 0xc6 -> Node 0
Jun 14 09:25:44 Nfs kernel: [    0.020330] SRAT: PXM 0 -> APIC 0xc8 -> Node 0
Jun 14 09:25:44 Nfs kernel: [    0.020331] SRAT: PXM 0 -> APIC 0xca -> Node 0
Jun 14 09:25:44 Nfs kernel: [    0.020332] SRAT: PXM 0 -> APIC 0xcc -> Node 0
Jun 14 09:25:44 Nfs kernel: [    0.020332] SRAT: PXM 0 -> APIC 0xce -> Node 0
Jun 14 09:25:44 Nfs kernel: [    0.020333] SRAT: PXM 0 -> APIC 0xd0 -> Node 0
Jun 14 09:25:44 Nfs kernel: [    0.020333] SRAT: PXM 0 -> APIC 0xd2 -> Node 0
Jun 14 09:25:44 Nfs kernel: [    0.020334] SRAT: PXM 0 -> APIC 0xd4 -> Node 0
Jun 14 09:25:44 Nfs kernel: [    0.020335] SRAT: PXM 0 -> APIC 0xd6 -> Node 0
Jun 14 09:25:44 Nfs kernel: [    0.020335] SRAT: PXM 0 -> APIC 0xd8 -> Node 0
Jun 14 09:25:44 Nfs kernel: [    0.020336] SRAT: PXM 0 -> APIC 0xda -> Node 0
Jun 14 09:25:44 Nfs kernel: [    0.020336] SRAT: PXM 0 -> APIC 0xdc -> Node 0
Jun 14 09:25:44 Nfs kernel: [    0.020337] SRAT: PXM 0 -> APIC 0xde -> Node 0
Jun 14 09:25:44 Nfs kernel: [    0.020337] SRAT: PXM 0 -> APIC 0xe0 -> Node 0
Jun 14 09:25:44 Nfs kernel: [    0.020338] SRAT: PXM 0 -> APIC 0xe2 -> Node 0
Jun 14 09:25:44 Nfs kernel: [    0.020339] SRAT: PXM 0 -> APIC 0xe4 -> Node 0
Jun 14 09:25:44 Nfs kernel: [    0.020339] SRAT: PXM 0 -> APIC 0xe6 -> Node 0
Jun 14 09:25:44 Nfs kernel: [    0.020340] SRAT: PXM 0 -> APIC 0xe8 -> Node 0
Jun 14 09:25:44 Nfs kernel: [    0.020340] SRAT: PXM 0 -> APIC 0xea -> Node 0
Jun 14 09:25:44 Nfs kernel: [    0.020341] SRAT: PXM 0 -> APIC 0xec -> Node 0
Jun 14 09:25:44 Nfs kernel: [    0.020342] SRAT: PXM 0 -> APIC 0xee -> Node 0
Jun 14 09:25:44 Nfs kernel: [    0.020342] SRAT: PXM 0 -> APIC 0xf0 -> Node 0
Jun 14 09:25:44 Nfs kernel: [    0.020343] SRAT: PXM 0 -> APIC 0xf2 -> Node 0
Jun 14 09:25:44 Nfs kernel: [    0.020343] SRAT: PXM 0 -> APIC 0xf4 -> Node 0
Jun 14 09:25:44 Nfs kernel: [    0.020344] SRAT: PXM 0 -> APIC 0xf6 -> Node 0
Jun 14 09:25:44 Nfs kernel: [    0.020345] SRAT: PXM 0 -> APIC 0xf8 -> Node 0
Jun 14 09:25:44 Nfs kernel: [    0.020345] SRAT: PXM 0 -> APIC 0xfa -> Node 0
Jun 14 09:25:44 Nfs kernel: [    0.020346] SRAT: PXM 0 -> APIC 0xfc -> Node 0
Jun 14 09:25:44 Nfs kernel: [    0.020346] SRAT: PXM 0 -> APIC 0xfe -> Node 0
Jun 14 09:25:44 Nfs kernel: [    0.020350] ACPI: SRAT: Node 0 PXM 0 [mem 0x00000000-0x0009ffff]
Jun 14 09:25:44 Nfs kernel: [    0.020352] ACPI: SRAT: Node 0 PXM 0 [mem 0x00100000-0x7fffffff]
Jun 14 09:25:44 Nfs kernel: [    0.020353] ACPI: SRAT: Node 0 PXM 0 [mem 0x80000000-0xbfffffff] hotplug
Jun 14 09:25:44 Nfs kernel: [    0.020355] NUMA: Node 0 [mem 0x00000000-0x0009ffff] + [mem 0x00100000-0x7fffffff] -> [mem 0x00000000-0x7fffffff]
Jun 14 09:25:44 Nfs kernel: [    0.020364] NODE_DATA(0) allocated [mem 0x7ffd5000-0x7fffffff]
Jun 14 09:25:44 Nfs kernel: [    0.020531] Zone ranges:
Jun 14 09:25:44 Nfs kernel: [    0.020532]   DMA      [mem 0x0000000000001000-0x0000000000ffffff]
Jun 14 09:25:44 Nfs kernel: [    0.020533]   DMA32    [mem 0x0000000001000000-0x000000007fffffff]
Jun 14 09:25:44 Nfs kernel: [    0.020534]   Normal   empty
Jun 14 09:25:44 Nfs kernel: [    0.020535]   Device   empty
Jun 14 09:25:44 Nfs kernel: [    0.020536] Movable zone start for each node
Jun 14 09:25:44 Nfs kernel: [    0.020538] Early memory node ranges
Jun 14 09:25:44 Nfs kernel: [    0.020539]   node   0: [mem 0x0000000000001000-0x000000000009dfff]
Jun 14 09:25:44 Nfs kernel: [    0.020540]   node   0: [mem 0x0000000000100000-0x000000007fedffff]
Jun 14 09:25:44 Nfs kernel: [    0.020541]   node   0: [mem 0x000000007ff00000-0x000000007fffffff]
Jun 14 09:25:44 Nfs kernel: [    0.020543] Zeroed struct page in unavailable ranges: 131 pages
Jun 14 09:25:44 Nfs kernel: [    0.020544] Initmem setup node 0 [mem 0x0000000000001000-0x000000007fffffff]
Jun 14 09:25:44 Nfs kernel: [    0.020573] On node 0 totalpages: 524157
Jun 14 09:25:44 Nfs kernel: [    0.020575]   DMA zone: 64 pages used for memmap
Jun 14 09:25:44 Nfs kernel: [    0.020576]   DMA zone: 21 pages reserved
Jun 14 09:25:44 Nfs kernel: [    0.020576]   DMA zone: 3997 pages, LIFO batch:0
Jun 14 09:25:44 Nfs kernel: [    0.020618]   DMA32 zone: 8128 pages used for memmap
Jun 14 09:25:44 Nfs kernel: [    0.020619]   DMA32 zone: 520160 pages, LIFO batch:63
Jun 14 09:25:44 Nfs kernel: [    0.031131] ACPI: PM-Timer IO Port: 0x1008
Jun 14 09:25:44 Nfs kernel: [    0.031135] ACPI: Local APIC address 0xfee00000
Jun 14 09:25:44 Nfs kernel: [    0.031140] system APIC only can use physical flat
Jun 14 09:25:44 Nfs kernel: [    0.031153] ACPI: LAPIC_NMI (acpi_id[0x00] high edge lint[0x1])
Jun 14 09:25:44 Nfs kernel: [    0.031154] ACPI: LAPIC_NMI (acpi_id[0x01] high edge lint[0x1])
Jun 14 09:25:44 Nfs kernel: [    0.031155] ACPI: LAPIC_NMI (acpi_id[0x02] high edge lint[0x1])
Jun 14 09:25:44 Nfs kernel: [    0.031155] ACPI: LAPIC_NMI (acpi_id[0x03] high edge lint[0x1])
Jun 14 09:25:44 Nfs kernel: [    0.031156] ACPI: LAPIC_NMI (acpi_id[0x04] high edge lint[0x1])
Jun 14 09:25:44 Nfs kernel: [    0.031157] ACPI: LAPIC_NMI (acpi_id[0x05] high edge lint[0x1])
Jun 14 09:25:44 Nfs kernel: [    0.031157] ACPI: LAPIC_NMI (acpi_id[0x06] high edge lint[0x1])
Jun 14 09:25:44 Nfs kernel: [    0.031158] ACPI: LAPIC_NMI (acpi_id[0x07] high edge lint[0x1])
Jun 14 09:25:44 Nfs kernel: [    0.031159] ACPI: LAPIC_NMI (acpi_id[0x08] high edge lint[0x1])
Jun 14 09:25:44 Nfs kernel: [    0.031159] ACPI: LAPIC_NMI (acpi_id[0x09] high edge lint[0x1])
Jun 14 09:25:44 Nfs kernel: [    0.031160] ACPI: LAPIC_NMI (acpi_id[0x0a] high edge lint[0x1])
Jun 14 09:25:44 Nfs kernel: [    0.031160] ACPI: LAPIC_NMI (acpi_id[0x0b] high edge lint[0x1])
Jun 14 09:25:44 Nfs kernel: [    0.031161] ACPI: LAPIC_NMI (acpi_id[0x0c] high edge lint[0x1])
Jun 14 09:25:44 Nfs kernel: [    0.031162] ACPI: LAPIC_NMI (acpi_id[0x0d] high edge lint[0x1])
Jun 14 09:25:44 Nfs kernel: [    0.031162] ACPI: LAPIC_NMI (acpi_id[0x0e] high edge lint[0x1])
Jun 14 09:25:44 Nfs kernel: [    0.031163] ACPI: LAPIC_NMI (acpi_id[0x0f] high edge lint[0x1])
Jun 14 09:25:44 Nfs kernel: [    0.031164] ACPI: LAPIC_NMI (acpi_id[0x10] high edge lint[0x1])
Jun 14 09:25:44 Nfs kernel: [    0.031164] ACPI: LAPIC_NMI (acpi_id[0x11] high edge lint[0x1])
Jun 14 09:25:44 Nfs kernel: [    0.031165] ACPI: LAPIC_NMI (acpi_id[0x12] high edge lint[0x1])
Jun 14 09:25:44 Nfs kernel: [    0.031165] ACPI: LAPIC_NMI (acpi_id[0x13] high edge lint[0x1])
Jun 14 09:25:44 Nfs kernel: [    0.031166] ACPI: LAPIC_NMI (acpi_id[0x14] high edge lint[0x1])
Jun 14 09:25:44 Nfs kernel: [    0.031167] ACPI: LAPIC_NMI (acpi_id[0x15] high edge lint[0x1])
Jun 14 09:25:44 Nfs kernel: [    0.031167] ACPI: LAPIC_NMI (acpi_id[0x16] high edge lint[0x1])
Jun 14 09:25:44 Nfs kernel: [    0.031168] ACPI: LAPIC_NMI (acpi_id[0x17] high edge lint[0x1])
Jun 14 09:25:44 Nfs kernel: [    0.031169] ACPI: LAPIC_NMI (acpi_id[0x18] high edge lint[0x1])
Jun 14 09:25:44 Nfs kernel: [    0.031169] ACPI: LAPIC_NMI (acpi_id[0x19] high edge lint[0x1])
Jun 14 09:25:44 Nfs kernel: [    0.031170] ACPI: LAPIC_NMI (acpi_id[0x1a] high edge lint[0x1])
Jun 14 09:25:44 Nfs kernel: [    0.031170] ACPI: LAPIC_NMI (acpi_id[0x1b] high edge lint[0x1])
Jun 14 09:25:44 Nfs kernel: [    0.031171] ACPI: LAPIC_NMI (acpi_id[0x1c] high edge lint[0x1])
Jun 14 09:25:44 Nfs kernel: [    0.031172] ACPI: LAPIC_NMI (acpi_id[0x1d] high edge lint[0x1])
Jun 14 09:25:44 Nfs kernel: [    0.031172] ACPI: LAPIC_NMI (acpi_id[0x1e] high edge lint[0x1])
Jun 14 09:25:44 Nfs kernel: [    0.031173] ACPI: LAPIC_NMI (acpi_id[0x1f] high edge lint[0x1])
Jun 14 09:25:44 Nfs kernel: [    0.031174] ACPI: LAPIC_NMI (acpi_id[0x20] high edge lint[0x1])
Jun 14 09:25:44 Nfs kernel: [    0.031174] ACPI: LAPIC_NMI (acpi_id[0x21] high edge lint[0x1])
Jun 14 09:25:44 Nfs kernel: [    0.031175] ACPI: LAPIC_NMI (acpi_id[0x22] high edge lint[0x1])
Jun 14 09:25:44 Nfs kernel: [    0.031175] ACPI: LAPIC_NMI (acpi_id[0x23] high edge lint[0x1])
Jun 14 09:25:44 Nfs kernel: [    0.031176] ACPI: LAPIC_NMI (acpi_id[0x24] high edge lint[0x1])
Jun 14 09:25:44 Nfs kernel: [    0.031177] ACPI: LAPIC_NMI (acpi_id[0x25] high edge lint[0x1])
Jun 14 09:25:44 Nfs kernel: [    0.031177] ACPI: LAPIC_NMI (acpi_id[0x26] high edge lint[0x1])
Jun 14 09:25:44 Nfs kernel: [    0.031178] ACPI: LAPIC_NMI (acpi_id[0x27] high edge lint[0x1])
Jun 14 09:25:44 Nfs kernel: [    0.031179] ACPI: LAPIC_NMI (acpi_id[0x28] high edge lint[0x1])
Jun 14 09:25:44 Nfs kernel: [    0.031179] ACPI: LAPIC_NMI (acpi_id[0x29] high edge lint[0x1])
Jun 14 09:25:44 Nfs kernel: [    0.031180] ACPI: LAPIC_NMI (acpi_id[0x2a] high edge lint[0x1])
Jun 14 09:25:44 Nfs kernel: [    0.031180] ACPI: LAPIC_NMI (acpi_id[0x2b] high edge lint[0x1])
Jun 14 09:25:44 Nfs kernel: [    0.031181] ACPI: LAPIC_NMI (acpi_id[0x2c] high edge lint[0x1])
Jun 14 09:25:44 Nfs kernel: [    0.031182] ACPI: LAPIC_NMI (acpi_id[0x2d] high edge lint[0x1])
Jun 14 09:25:44 Nfs kernel: [    0.031182] ACPI: LAPIC_NMI (acpi_id[0x2e] high edge lint[0x1])
Jun 14 09:25:44 Nfs kernel: [    0.031183] ACPI: LAPIC_NMI (acpi_id[0x2f] high edge lint[0x1])
Jun 14 09:25:44 Nfs kernel: [    0.031184] ACPI: LAPIC_NMI (acpi_id[0x30] high edge lint[0x1])
Jun 14 09:25:44 Nfs kernel: [    0.031184] ACPI: LAPIC_NMI (acpi_id[0x31] high edge lint[0x1])
Jun 14 09:25:44 Nfs kernel: [    0.031185] ACPI: LAPIC_NMI (acpi_id[0x32] high edge lint[0x1])
Jun 14 09:25:44 Nfs kernel: [    0.031185] ACPI: LAPIC_NMI (acpi_id[0x33] high edge lint[0x1])
Jun 14 09:25:44 Nfs kernel: [    0.031186] ACPI: LAPIC_NMI (acpi_id[0x34] high edge lint[0x1])
Jun 14 09:25:44 Nfs kernel: [    0.031187] ACPI: LAPIC_NMI (acpi_id[0x35] high edge lint[0x1])
Jun 14 09:25:44 Nfs kernel: [    0.031187] ACPI: LAPIC_NMI (acpi_id[0x36] high edge lint[0x1])
Jun 14 09:25:44 Nfs kernel: [    0.031188] ACPI: LAPIC_NMI (acpi_id[0x37] high edge lint[0x1])
Jun 14 09:25:44 Nfs kernel: [    0.031189] ACPI: LAPIC_NMI (acpi_id[0x38] high edge lint[0x1])
Jun 14 09:25:44 Nfs kernel: [    0.031189] ACPI: LAPIC_NMI (acpi_id[0x39] high edge lint[0x1])
Jun 14 09:25:44 Nfs kernel: [    0.031190] ACPI: LAPIC_NMI (acpi_id[0x3a] high edge lint[0x1])
Jun 14 09:25:44 Nfs kernel: [    0.031191] ACPI: LAPIC_NMI (acpi_id[0x3b] high edge lint[0x1])
Jun 14 09:25:44 Nfs kernel: [    0.031191] ACPI: LAPIC_NMI (acpi_id[0x3c] high edge lint[0x1])
Jun 14 09:25:44 Nfs kernel: [    0.031192] ACPI: LAPIC_NMI (acpi_id[0x3d] high edge lint[0x1])
Jun 14 09:25:44 Nfs kernel: [    0.031193] ACPI: LAPIC_NMI (acpi_id[0x3e] high edge lint[0x1])
Jun 14 09:25:44 Nfs kernel: [    0.031193] ACPI: LAPIC_NMI (acpi_id[0x3f] high edge lint[0x1])
Jun 14 09:25:44 Nfs kernel: [    0.031194] ACPI: LAPIC_NMI (acpi_id[0x40] high edge lint[0x1])
Jun 14 09:25:44 Nfs kernel: [    0.031194] ACPI: LAPIC_NMI (acpi_id[0x41] high edge lint[0x1])
Jun 14 09:25:44 Nfs kernel: [    0.031195] ACPI: LAPIC_NMI (acpi_id[0x42] high edge lint[0x1])
Jun 14 09:25:44 Nfs kernel: [    0.031196] ACPI: LAPIC_NMI (acpi_id[0x43] high edge lint[0x1])
Jun 14 09:25:44 Nfs kernel: [    0.031196] ACPI: LAPIC_NMI (acpi_id[0x44] high edge lint[0x1])
Jun 14 09:25:44 Nfs kernel: [    0.031197] ACPI: LAPIC_NMI (acpi_id[0x45] high edge lint[0x1])
Jun 14 09:25:44 Nfs kernel: [    0.031198] ACPI: LAPIC_NMI (acpi_id[0x46] high edge lint[0x1])
Jun 14 09:25:44 Nfs kernel: [    0.031198] ACPI: LAPIC_NMI (acpi_id[0x47] high edge lint[0x1])
Jun 14 09:25:44 Nfs kernel: [    0.031199] ACPI: LAPIC_NMI (acpi_id[0x48] high edge lint[0x1])
Jun 14 09:25:44 Nfs kernel: [    0.031199] ACPI: LAPIC_NMI (acpi_id[0x49] high edge lint[0x1])
Jun 14 09:25:44 Nfs kernel: [    0.031200] ACPI: LAPIC_NMI (acpi_id[0x4a] high edge lint[0x1])
Jun 14 09:25:44 Nfs kernel: [    0.031201] ACPI: LAPIC_NMI (acpi_id[0x4b] high edge lint[0x1])
Jun 14 09:25:44 Nfs kernel: [    0.031201] ACPI: LAPIC_NMI (acpi_id[0x4c] high edge lint[0x1])
Jun 14 09:25:44 Nfs kernel: [    0.031202] ACPI: LAPIC_NMI (acpi_id[0x4d] high edge lint[0x1])
Jun 14 09:25:44 Nfs kernel: [    0.031203] ACPI: LAPIC_NMI (acpi_id[0x4e] high edge lint[0x1])
Jun 14 09:25:44 Nfs kernel: [    0.031203] ACPI: LAPIC_NMI (acpi_id[0x4f] high edge lint[0x1])
Jun 14 09:25:44 Nfs kernel: [    0.031204] ACPI: LAPIC_NMI (acpi_id[0x50] high edge lint[0x1])
Jun 14 09:25:44 Nfs kernel: [    0.031204] ACPI: LAPIC_NMI (acpi_id[0x51] high edge lint[0x1])
Jun 14 09:25:44 Nfs kernel: [    0.031205] ACPI: LAPIC_NMI (acpi_id[0x52] high edge lint[0x1])
Jun 14 09:25:44 Nfs kernel: [    0.031206] ACPI: LAPIC_NMI (acpi_id[0x53] high edge lint[0x1])
Jun 14 09:25:44 Nfs kernel: [    0.031206] ACPI: LAPIC_NMI (acpi_id[0x54] high edge lint[0x1])
Jun 14 09:25:44 Nfs kernel: [    0.031207] ACPI: LAPIC_NMI (acpi_id[0x55] high edge lint[0x1])
Jun 14 09:25:44 Nfs kernel: [    0.031207] ACPI: LAPIC_NMI (acpi_id[0x56] high edge lint[0x1])
Jun 14 09:25:44 Nfs kernel: [    0.031208] ACPI: LAPIC_NMI (acpi_id[0x57] high edge lint[0x1])
Jun 14 09:25:44 Nfs kernel: [    0.031209] ACPI: LAPIC_NMI (acpi_id[0x58] high edge lint[0x1])
Jun 14 09:25:44 Nfs kernel: [    0.031209] ACPI: LAPIC_NMI (acpi_id[0x59] high edge lint[0x1])
Jun 14 09:25:44 Nfs kernel: [    0.031210] ACPI: LAPIC_NMI (acpi_id[0x5a] high edge lint[0x1])
Jun 14 09:25:44 Nfs kernel: [    0.031211] ACPI: LAPIC_NMI (acpi_id[0x5b] high edge lint[0x1])
Jun 14 09:25:44 Nfs kernel: [    0.031211] ACPI: LAPIC_NMI (acpi_id[0x5c] high edge lint[0x1])
Jun 14 09:25:44 Nfs kernel: [    0.031212] ACPI: LAPIC_NMI (acpi_id[0x5d] high edge lint[0x1])
Jun 14 09:25:44 Nfs kernel: [    0.031212] ACPI: LAPIC_NMI (acpi_id[0x5e] high edge lint[0x1])
Jun 14 09:25:44 Nfs kernel: [    0.031213] ACPI: LAPIC_NMI (acpi_id[0x5f] high edge lint[0x1])
Jun 14 09:25:44 Nfs kernel: [    0.031214] ACPI: LAPIC_NMI (acpi_id[0x60] high edge lint[0x1])
Jun 14 09:25:44 Nfs kernel: [    0.031214] ACPI: LAPIC_NMI (acpi_id[0x61] high edge lint[0x1])
Jun 14 09:25:44 Nfs kernel: [    0.031215] ACPI: LAPIC_NMI (acpi_id[0x62] high edge lint[0x1])
Jun 14 09:25:44 Nfs kernel: [    0.031216] ACPI: LAPIC_NMI (acpi_id[0x63] high edge lint[0x1])
Jun 14 09:25:44 Nfs kernel: [    0.031216] ACPI: LAPIC_NMI (acpi_id[0x64] high edge lint[0x1])
Jun 14 09:25:44 Nfs kernel: [    0.031217] ACPI: LAPIC_NMI (acpi_id[0x65] high edge lint[0x1])
Jun 14 09:25:44 Nfs kernel: [    0.031217] ACPI: LAPIC_NMI (acpi_id[0x66] high edge lint[0x1])
Jun 14 09:25:44 Nfs kernel: [    0.031218] ACPI: LAPIC_NMI (acpi_id[0x67] high edge lint[0x1])
Jun 14 09:25:44 Nfs kernel: [    0.031219] ACPI: LAPIC_NMI (acpi_id[0x68] high edge lint[0x1])
Jun 14 09:25:44 Nfs kernel: [    0.031219] ACPI: LAPIC_NMI (acpi_id[0x69] high edge lint[0x1])
Jun 14 09:25:44 Nfs kernel: [    0.031220] ACPI: LAPIC_NMI (acpi_id[0x6a] high edge lint[0x1])
Jun 14 09:25:44 Nfs kernel: [    0.031221] ACPI: LAPIC_NMI (acpi_id[0x6b] high edge lint[0x1])
Jun 14 09:25:44 Nfs kernel: [    0.031221] ACPI: LAPIC_NMI (acpi_id[0x6c] high edge lint[0x1])
Jun 14 09:25:44 Nfs kernel: [    0.031222] ACPI: LAPIC_NMI (acpi_id[0x6d] high edge lint[0x1])
Jun 14 09:25:44 Nfs kernel: [    0.031222] ACPI: LAPIC_NMI (acpi_id[0x6e] high edge lint[0x1])
Jun 14 09:25:44 Nfs kernel: [    0.031223] ACPI: LAPIC_NMI (acpi_id[0x6f] high edge lint[0x1])
Jun 14 09:25:44 Nfs kernel: [    0.031224] ACPI: LAPIC_NMI (acpi_id[0x70] high edge lint[0x1])
Jun 14 09:25:44 Nfs kernel: [    0.031224] ACPI: LAPIC_NMI (acpi_id[0x71] high edge lint[0x1])
Jun 14 09:25:44 Nfs kernel: [    0.031225] ACPI: LAPIC_NMI (acpi_id[0x72] high edge lint[0x1])
Jun 14 09:25:44 Nfs kernel: [    0.031226] ACPI: LAPIC_NMI (acpi_id[0x73] high edge lint[0x1])
Jun 14 09:25:44 Nfs kernel: [    0.031226] ACPI: LAPIC_NMI (acpi_id[0x74] high edge lint[0x1])
Jun 14 09:25:44 Nfs kernel: [    0.031227] ACPI: LAPIC_NMI (acpi_id[0x75] high edge lint[0x1])
Jun 14 09:25:44 Nfs kernel: [    0.031228] ACPI: LAPIC_NMI (acpi_id[0x76] high edge lint[0x1])
Jun 14 09:25:44 Nfs kernel: [    0.031228] ACPI: LAPIC_NMI (acpi_id[0x77] high edge lint[0x1])
Jun 14 09:25:44 Nfs kernel: [    0.031229] ACPI: LAPIC_NMI (acpi_id[0x78] high edge lint[0x1])
Jun 14 09:25:44 Nfs kernel: [    0.031229] ACPI: LAPIC_NMI (acpi_id[0x79] high edge lint[0x1])
Jun 14 09:25:44 Nfs kernel: [    0.031230] ACPI: LAPIC_NMI (acpi_id[0x7a] high edge lint[0x1])
Jun 14 09:25:44 Nfs kernel: [    0.031231] ACPI: LAPIC_NMI (acpi_id[0x7b] high edge lint[0x1])
Jun 14 09:25:44 Nfs kernel: [    0.031231] ACPI: LAPIC_NMI (acpi_id[0x7c] high edge lint[0x1])
Jun 14 09:25:44 Nfs kernel: [    0.031232] ACPI: LAPIC_NMI (acpi_id[0x7d] high edge lint[0x1])
Jun 14 09:25:44 Nfs kernel: [    0.031233] ACPI: LAPIC_NMI (acpi_id[0x7e] high edge lint[0x1])
Jun 14 09:25:44 Nfs kernel: [    0.031233] ACPI: LAPIC_NMI (acpi_id[0x7f] high edge lint[0x1])
Jun 14 09:25:44 Nfs kernel: [    0.031281] IOAPIC[0]: apic_id 1, version 32, address 0xfec00000, GSI 0-23
Jun 14 09:25:44 Nfs kernel: [    0.031286] ACPI: INT_SRC_OVR (bus 0 bus_irq 0 global_irq 2 high edge)
Jun 14 09:25:44 Nfs kernel: [    0.031289] ACPI: IRQ0 used by override.
Jun 14 09:25:44 Nfs kernel: [    0.031289] ACPI: IRQ9 used by override.
Jun 14 09:25:44 Nfs kernel: [    0.031293] Using ACPI (MADT) for SMP configuration information
Jun 14 09:25:44 Nfs kernel: [    0.031295] ACPI: HPET id: 0x8086af01 base: 0xfed00000
Jun 14 09:25:44 Nfs kernel: [    0.031300] TSC deadline timer available
Jun 14 09:25:44 Nfs kernel: [    0.031307] smpboot: Allowing 128 CPUs, 126 hotplug CPUs
Jun 14 09:25:44 Nfs kernel: [    0.031321] PM: Registered nosave memory: [mem 0x00000000-0x00000fff]
Jun 14 09:25:44 Nfs kernel: [    0.031322] PM: Registered nosave memory: [mem 0x0009e000-0x0009efff]
Jun 14 09:25:44 Nfs kernel: [    0.031323] PM: Registered nosave memory: [mem 0x0009f000-0x0009ffff]
Jun 14 09:25:44 Nfs kernel: [    0.031323] PM: Registered nosave memory: [mem 0x000a0000-0x000dbfff]
Jun 14 09:25:44 Nfs kernel: [    0.031324] PM: Registered nosave memory: [mem 0x000dc000-0x000fffff]
Jun 14 09:25:44 Nfs kernel: [    0.031325] PM: Registered nosave memory: [mem 0x7fee0000-0x7fefefff]
Jun 14 09:25:44 Nfs kernel: [    0.031326] PM: Registered nosave memory: [mem 0x7feff000-0x7fefffff]
Jun 14 09:25:44 Nfs kernel: [    0.031327] [mem 0x80000000-0xefffffff] available for PCI devices
Jun 14 09:25:44 Nfs kernel: [    0.031328] Booting paravirtualized kernel on VMware hypervisor
Jun 14 09:25:44 Nfs kernel: [    0.031332] clocksource: refined-jiffies: mask: 0xffffffff max_cycles: 0xffffffff, max_idle_ns: 7645519600211568 ns
Jun 14 09:25:44 Nfs kernel: [    0.031336] setup_percpu: NR_CPUS:8192 nr_cpumask_bits:128 nr_cpu_ids:128 nr_node_ids:1
Jun 14 09:25:44 Nfs kernel: [    0.183713] percpu: Embedded 60 pages/cpu s208896 r8192 d28672 u262144
Jun 14 09:25:44 Nfs kernel: [    0.183728] pcpu-alloc: s208896 r8192 d28672 u262144 alloc=1*2097152
Jun 14 09:25:44 Nfs kernel: [    0.183728] pcpu-alloc: [0] 000 001 002 003 004 005 006 007 
Jun 14 09:25:44 Nfs kernel: [    0.183731] pcpu-alloc: [0] 008 009 010 011 012 013 014 015 
Jun 14 09:25:44 Nfs kernel: [    0.183732] pcpu-alloc: [0] 016 017 018 019 020 021 022 023 
Jun 14 09:25:44 Nfs kernel: [    0.183734] pcpu-alloc: [0] 024 025 026 027 028 029 030 031 
Jun 14 09:25:44 Nfs kernel: [    0.183735] pcpu-alloc: [0] 032 033 034 035 036 037 038 039 
Jun 14 09:25:44 Nfs kernel: [    0.183737] pcpu-alloc: [0] 040 041 042 043 044 045 046 047 
Jun 14 09:25:44 Nfs kernel: [    0.183738] pcpu-alloc: [0] 048 049 050 051 052 053 054 055 
Jun 14 09:25:44 Nfs kernel: [    0.183740] pcpu-alloc: [0] 056 057 058 059 060 061 062 063 
Jun 14 09:25:44 Nfs kernel: [    0.183741] pcpu-alloc: [0] 064 065 066 067 068 069 070 071 
Jun 14 09:25:44 Nfs kernel: [    0.183743] pcpu-alloc: [0] 072 073 074 075 076 077 078 079 
Jun 14 09:25:44 Nfs kernel: [    0.183744] pcpu-alloc: [0] 080 081 082 083 084 085 086 087 
Jun 14 09:25:44 Nfs kernel: [    0.183746] pcpu-alloc: [0] 088 089 090 091 092 093 094 095 
Jun 14 09:25:44 Nfs kernel: [    0.183747] pcpu-alloc: [0] 096 097 098 099 100 101 102 103 
Jun 14 09:25:44 Nfs kernel: [    0.183749] pcpu-alloc: [0] 104 105 106 107 108 109 110 111 
Jun 14 09:25:44 Nfs kernel: [    0.183750] pcpu-alloc: [0] 112 113 114 115 116 117 118 119 
Jun 14 09:25:44 Nfs kernel: [    0.183751] pcpu-alloc: [0] 120 121 122 123 124 125 126 127 
Jun 14 09:25:44 Nfs kernel: [    0.183792] Built 1 zonelists, mobility grouping on.  Total pages: 515944
Jun 14 09:25:44 Nfs kernel: [    0.183793] Policy zone: DMA32
Jun 14 09:25:44 Nfs kernel: [    0.183795] Kernel command line: BOOT_IMAGE=/boot/vmlinuz-5.4.0-182-generic root=UUID=4b2406f4-9ff1-4ace-9d36-68d8b72923ee ro maybe-ubiquity
Jun 14 09:25:44 Nfs kernel: [    0.183938] printk: log_buf_len individual max cpu contribution: 4096 bytes
Jun 14 09:25:44 Nfs kernel: [    0.183940] printk: log_buf_len total cpu_extra contributions: 520192 bytes
Jun 14 09:25:44 Nfs kernel: [    0.183940] printk: log_buf_len min size: 262144 bytes
Jun 14 09:25:44 Nfs kernel: [    0.188808] printk: log_buf_len: 1048576 bytes
Jun 14 09:25:44 Nfs kernel: [    0.188811] printk: early log buf free: 236656(90%)
Jun 14 09:25:44 Nfs kernel: [    0.198269] Dentry cache hash table entries: 262144 (order: 9, 2097152 bytes, linear)
Jun 14 09:25:44 Nfs kernel: [    0.202947] Inode-cache hash table entries: 131072 (order: 8, 1048576 bytes, linear)
Jun 14 09:25:44 Nfs kernel: [    0.206449] mem auto-init: stack:off, heap alloc:on, heap free:off
Jun 14 09:25:44 Nfs kernel: [    0.206454] Calgary: detecting Calgary via BIOS EBDA area
Jun 14 09:25:44 Nfs kernel: [    0.206455] Calgary: Unable to locate Rio Grande table in EBDA - bailing!
Jun 14 09:25:44 Nfs kernel: [    0.210274] Memory: 1892772K/2096628K available (14339K kernel code, 2395K rwdata, 9296K rodata, 2768K init, 17228K bss, 203856K reserved, 0K cma-reserved)
Jun 14 09:25:44 Nfs kernel: [    0.212139] SLUB: HWalign=64, Order=0-3, MinObjects=0, CPUs=128, Nodes=1
Jun 14 09:25:44 Nfs kernel: [    0.212259] Kernel/User page tables isolation: enabled
Jun 14 09:25:44 Nfs kernel: [    0.213017] ftrace: allocating 44730 entries in 175 pages
Jun 14 09:25:44 Nfs kernel: [    0.230922] ftrace: allocated 175 pages with 6 groups
Jun 14 09:25:44 Nfs kernel: [    0.233694] rcu: Hierarchical RCU implementation.
Jun 14 09:25:44 Nfs kernel: [    0.233697] rcu: 	RCU restricting CPUs from NR_CPUS=8192 to nr_cpu_ids=128.
Jun 14 09:25:44 Nfs kernel: [    0.233698] 	Tasks RCU enabled.
Jun 14 09:25:44 Nfs kernel: [    0.233699] rcu: RCU calculated value of scheduler-enlistment delay is 25 jiffies.
Jun 14 09:25:44 Nfs kernel: [    0.233700] rcu: Adjusting geometry for rcu_fanout_leaf=16, nr_cpu_ids=128
Jun 14 09:25:44 Nfs kernel: [    0.237668] NR_IRQS: 524544, nr_irqs: 1448, preallocated irqs: 16
Jun 14 09:25:44 Nfs kernel: [    0.238154] random: crng init done
Jun 14 09:25:44 Nfs kernel: [    0.239993] Console: colour VGA+ 80x25
Jun 14 09:25:44 Nfs kernel: [    0.259904] printk: console [tty0] enabled
Jun 14 09:25:44 Nfs kernel: [    0.260089] ACPI: Core revision 20190816
Jun 14 09:25:44 Nfs kernel: [    0.260687] clocksource: hpet: mask: 0xffffffff max_cycles: 0xffffffff, max_idle_ns: 133484882848 ns
Jun 14 09:25:44 Nfs kernel: [    0.260856] APIC: Switch to symmetric I/O mode setup
Jun 14 09:25:44 Nfs kernel: [    0.261012] x2apic enabled
Jun 14 09:25:44 Nfs kernel: [    0.261331] Switched APIC routing to physical x2apic.
Jun 14 09:25:44 Nfs kernel: [    0.262695] ..TIMER: vector=0x30 apic1=0 pin1=2 apic2=-1 pin2=-1
Jun 14 09:25:44 Nfs kernel: [    0.262875] clocksource: tsc-early: mask: 0xffffffffffffffff max_cycles: 0x23fa7af7c80, max_idle_ns: 440795241955 ns
Jun 14 09:25:44 Nfs kernel: [    0.263132] Calibrating delay loop (skipped) preset value.. 4992.00 BogoMIPS (lpj=9984016)
Jun 14 09:25:44 Nfs kernel: [    0.263387] Disabled fast string operations
Jun 14 09:25:44 Nfs kernel: [    0.263697] Last level iTLB entries: 4KB 128, 2MB 8, 4MB 8
Jun 14 09:25:44 Nfs kernel: [    0.263861] Last level dTLB entries: 4KB 64, 2MB 0, 4MB 0, 1GB 4
Jun 14 09:25:44 Nfs kernel: [    0.264087] Spectre V1 : Mitigation: usercopy/swapgs barriers and __user pointer sanitization
Jun 14 09:25:44 Nfs kernel: [    0.267136] Spectre V2 : Mitigation: IBRS
Jun 14 09:25:44 Nfs kernel: [    0.267268] Spectre V2 : Spectre v2 / SpectreRSB mitigation: Filling RSB on context switch
Jun 14 09:25:44 Nfs kernel: [    0.267516] Spectre V2 : Spectre v2 / SpectreRSB : Filling RSB on VMEXIT
Jun 14 09:25:44 Nfs kernel: [    0.267706] RETBleed: Mitigation: IBRS
Jun 14 09:25:44 Nfs kernel: [    0.267822] Spectre V2 : mitigation: Enabling conditional Indirect Branch Prediction Barrier
Jun 14 09:25:44 Nfs kernel: [    0.268076] Speculative Store Bypass: Mitigation: Speculative Store Bypass disabled via prctl and seccomp
Jun 14 09:25:44 Nfs kernel: [    0.268369] MDS: Mitigation: Clear CPU buffers
Jun 14 09:25:44 Nfs kernel: [    0.268501] MMIO Stale Data: Mitigation: Clear CPU buffers
Jun 14 09:25:44 Nfs kernel: [    0.268664] SRBDS: Unknown: Dependent on hypervisor status
Jun 14 09:25:44 Nfs kernel: [    0.268851] GDS: Unknown: Dependent on hypervisor status
Jun 14 09:25:44 Nfs kernel: [    0.269031] x86/fpu: Supporting XSAVE feature 0x001: 'x87 floating point registers'
Jun 14 09:25:44 Nfs kernel: [    0.269251] x86/fpu: Supporting XSAVE feature 0x002: 'SSE registers'
Jun 14 09:25:44 Nfs kernel: [    0.269447] x86/fpu: Supporting XSAVE feature 0x004: 'AVX registers'
Jun 14 09:25:44 Nfs kernel: [    0.269633] x86/fpu: xstate_offset[2]:  576, xstate_sizes[2]:  256
Jun 14 09:25:44 Nfs kernel: [    0.269822] x86/fpu: Enabled xstate features 0x7, context size is 832 bytes, using 'compacted' format.
Jun 14 09:25:44 Nfs kernel: [    0.271434] Freeing SMP alternatives memory: 40K
Jun 14 09:25:44 Nfs kernel: [    0.273121] pid_max: default: 131072 minimum: 1024
Jun 14 09:25:44 Nfs kernel: [    0.273465] LSM: Security Framework initializing
Jun 14 09:25:44 Nfs kernel: [    0.273645] Yama: becoming mindful.
Jun 14 09:25:44 Nfs kernel: [    0.290457] AppArmor: AppArmor initialized
Jun 14 09:25:44 Nfs kernel: [    0.290956] Mount-cache hash table entries: 4096 (order: 3, 32768 bytes, linear)
Jun 14 09:25:44 Nfs kernel: [    0.291293] Mountpoint-cache hash table entries: 4096 (order: 3, 32768 bytes, linear)
Jun 14 09:25:44 Nfs kernel: [    0.291780] *** VALIDATE tmpfs ***
Jun 14 09:25:44 Nfs kernel: [    0.292774] *** VALIDATE proc ***
Jun 14 09:25:44 Nfs kernel: [    0.293179] *** VALIDATE cgroup1 ***
Jun 14 09:25:44 Nfs kernel: [    0.293292] *** VALIDATE cgroup2 ***
Jun 14 09:25:44 Nfs kernel: [    0.300315] smpboot: CPU0: Intel(R) Core(TM) i5-7300HQ CPU @ 2.50GHz (family: 0x6, model: 0x9e, stepping: 0x9)
Jun 14 09:25:44 Nfs kernel: [    0.301489] Performance Events: Skylake events, core PMU driver.
Jun 14 09:25:44 Nfs kernel: [    0.301709] core: CPUID marked event: 'cpu cycles' unavailable
Jun 14 09:25:44 Nfs kernel: [    0.301873] core: CPUID marked event: 'instructions' unavailable
Jun 14 09:25:44 Nfs kernel: [    0.302068] core: CPUID marked event: 'bus cycles' unavailable
Jun 14 09:25:44 Nfs kernel: [    0.302235] core: CPUID marked event: 'cache references' unavailable
Jun 14 09:25:44 Nfs kernel: [    0.302414] core: CPUID marked event: 'cache misses' unavailable
Jun 14 09:25:44 Nfs kernel: [    0.302604] core: CPUID marked event: 'branch instructions' unavailable
Jun 14 09:25:44 Nfs kernel: [    0.302793] core: CPUID marked event: 'branch misses' unavailable
Jun 14 09:25:44 Nfs kernel: [    0.302972] ... version:                1
Jun 14 09:25:44 Nfs kernel: [    0.303108] ... bit width:              48
Jun 14 09:25:44 Nfs kernel: [    0.303129] ... generic registers:      8
Jun 14 09:25:44 Nfs kernel: [    0.303129] ... value mask:             0000ffffffffffff
Jun 14 09:25:44 Nfs kernel: [    0.303129] ... max period:             000000007fffffff
Jun 14 09:25:44 Nfs kernel: [    0.303129] ... fixed-purpose events:   0
Jun 14 09:25:44 Nfs kernel: [    0.303129] ... event mask:             00000000000000ff
Jun 14 09:25:44 Nfs kernel: [    0.303129] rcu: Hierarchical SRCU implementation.
Jun 14 09:25:44 Nfs kernel: [    0.304226] NMI watchdog: Perf NMI watchdog permanently disabled
Jun 14 09:25:44 Nfs kernel: [    0.324772] smp: Bringing up secondary CPUs ...
Jun 14 09:25:44 Nfs kernel: [    0.325948] x86: Booting SMP configuration:
Jun 14 09:25:44 Nfs kernel: [    0.326077] .... node  #0, CPUs:          #1
Jun 14 09:25:44 Nfs kernel: [    0.029001] Disabled fast string operations
Jun 14 09:25:44 Nfs kernel: [    0.029001] smpboot: CPU 1 Converting physical 2 to logical package 1
Jun 14 09:25:44 Nfs kernel: [    0.029001] smpboot: CPU 1 Converting physical 0 to logical die 1
Jun 14 09:25:44 Nfs kernel: [    0.326974] smp: Brought up 1 node, 2 CPUs
Jun 14 09:25:44 Nfs kernel: [    0.327190] smpboot: Max logical packages: 128
Jun 14 09:25:44 Nfs kernel: [    0.327249] smpboot: Total of 2 processors activated (9984.01 BogoMIPS)
Jun 14 09:25:44 Nfs kernel: [    0.328533] devtmpfs: initialized
Jun 14 09:25:44 Nfs kernel: [    0.328533] x86/mm: Memory block size: 128MB
Jun 14 09:25:44 Nfs kernel: [    0.328568] PM: Registering ACPI NVS region [mem 0x7feff000-0x7fefffff] (4096 bytes)
Jun 14 09:25:44 Nfs kernel: [    0.331319] clocksource: jiffies: mask: 0xffffffff max_cycles: 0xffffffff, max_idle_ns: 7645041785100000 ns
Jun 14 09:25:44 Nfs kernel: [    0.340892] futex hash table entries: 32768 (order: 9, 2097152 bytes, linear)
Jun 14 09:25:44 Nfs kernel: [    0.341329] pinctrl core: initialized pinctrl subsystem
Jun 14 09:25:44 Nfs kernel: [    0.341662] PM: RTC time: 08:25:26, date: 2024-06-14
Jun 14 09:25:44 Nfs kernel: [    0.342454] NET: Registered protocol family 16
Jun 14 09:25:44 Nfs kernel: [    0.342720] audit: initializing netlink subsys (disabled)
Jun 14 09:25:44 Nfs kernel: [    0.343262] audit: type=2000 audit(1718353526.080:1): state=initialized audit_enabled=0 res=1
Jun 14 09:25:44 Nfs kernel: [    0.343492] EISA bus registered
Jun 14 09:25:44 Nfs kernel: [    0.343675] cpuidle: using governor ladder
Jun 14 09:25:44 Nfs kernel: [    0.343675] cpuidle: using governor menu
Jun 14 09:25:44 Nfs kernel: [    0.343675] Simple Boot Flag at 0x36 set to 0x80
Jun 14 09:25:44 Nfs kernel: [    0.343675] ACPI: bus type PCI registered
Jun 14 09:25:44 Nfs kernel: [    0.343675] acpiphp: ACPI Hot Plug PCI Controller Driver version: 0.5
Jun 14 09:25:44 Nfs kernel: [    0.344113] PCI: MMCONFIG for domain 0000 [bus 00-7f] at [mem 0xf0000000-0xf7ffffff] (base 0xf0000000)
Jun 14 09:25:44 Nfs kernel: [    0.344262] PCI: MMCONFIG at [mem 0xf0000000-0xf7ffffff] reserved in E820
Jun 14 09:25:44 Nfs kernel: [    0.344388] PCI: Using configuration type 1 for base access
Jun 14 09:25:44 Nfs kernel: [    0.348360] HugeTLB registered 1.00 GiB page size, pre-allocated 0 pages
Jun 14 09:25:44 Nfs kernel: [    0.348360] HugeTLB registered 2.00 MiB page size, pre-allocated 0 pages
Jun 14 09:25:44 Nfs kernel: [    0.363554] ACPI: Added _OSI(Module Device)
Jun 14 09:25:44 Nfs kernel: [    0.363554] ACPI: Added _OSI(Processor Device)
Jun 14 09:25:44 Nfs kernel: [    0.363554] ACPI: Added _OSI(3.0 _SCP Extensions)
Jun 14 09:25:44 Nfs kernel: [    0.363586] ACPI: Added _OSI(Processor Aggregator Device)
Jun 14 09:25:44 Nfs kernel: [    0.363668] ACPI: Added _OSI(Linux-Dell-Video)
Jun 14 09:25:44 Nfs kernel: [    0.363725] ACPI: Added _OSI(Linux-Lenovo-NV-HDMI-Audio)
Jun 14 09:25:44 Nfs kernel: [    0.363790] ACPI: Added _OSI(Linux-HPI-Hybrid-Graphics)
Jun 14 09:25:44 Nfs kernel: [    0.387289] ACPI: 1 ACPI AML tables successfully acquired and loaded
Jun 14 09:25:44 Nfs kernel: [    0.389842] ACPI: [Firmware Bug]: BIOS _OSI(Linux) query ignored
Jun 14 09:25:44 Nfs kernel: [    0.419129] ACPI: Interpreter enabled
Jun 14 09:25:44 Nfs kernel: [    0.419129] ACPI: (supports S0 S1 S4 S5)
Jun 14 09:25:44 Nfs kernel: [    0.419129] ACPI: Using IOAPIC for interrupt routing
Jun 14 09:25:44 Nfs kernel: [    0.419175] PCI: Using host bridge windows from ACPI; if necessary, use "pci=nocrs" and report a bug
Jun 14 09:25:44 Nfs kernel: [    0.420274] ACPI: Enabled 4 GPEs in block 00 to 0F
Jun 14 09:25:44 Nfs systemd[1]: proc-sys-fs-binfmt_misc.automount: Got automount request for /proc/sys/fs/binfmt_misc, triggered by 555 (snap)
Jun 14 09:25:44 Nfs systemd[1]: proc-sys-fs-binfmt_misc.automount: Automount point already active?
Jun 14 09:25:44 Nfs systemd[1]: proc-sys-fs-binfmt_misc.automount: Got automount request for /proc/sys/fs/binfmt_misc, triggered by 555 (snap)
Jun 14 09:25:44 Nfs systemd[1]: proc-sys-fs-binfmt_misc.automount: Automount point already active?
Jun 14 09:25:44 Nfs systemd[1]: proc-sys-fs-binfmt_misc.automount: Got automount request for /proc/sys/fs/binfmt_misc, triggered by 555 (snap)
Jun 14 09:25:44 Nfs systemd[1]: proc-sys-fs-binfmt_misc.automount: Automount point already active?
Jun 14 09:25:44 Nfs systemd[1]: proc-sys-fs-binfmt_misc.automount: Got automount request for /proc/sys/fs/binfmt_misc, triggered by 555 (snap)
Jun 14 09:25:44 Nfs systemd[1]: proc-sys-fs-binfmt_misc.automount: Automount point already active?
Jun 14 09:25:44 Nfs systemd[1]: proc-sys-fs-binfmt_misc.automount: Got automount request for /proc/sys/fs/binfmt_misc, triggered by 555 (snap)
Jun 14 09:25:44 Nfs systemd[1]: proc-sys-fs-binfmt_misc.automount: Automount point already active?
Jun 14 09:25:44 Nfs systemd[1]: proc-sys-fs-binfmt_misc.automount: Got automount request for /proc/sys/fs/binfmt_misc, triggered by 555 (snap)
Jun 14 09:25:44 Nfs systemd[1]: proc-sys-fs-binfmt_misc.automount: Automount point already active?
Jun 14 09:25:44 Nfs systemd[1]: proc-sys-fs-binfmt_misc.automount: Got automount request for /proc/sys/fs/binfmt_misc, triggered by 555 (snap)
Jun 14 09:25:44 Nfs systemd[1]: proc-sys-fs-binfmt_misc.automount: Automount point already active?
Jun 14 09:25:44 Nfs systemd[1]: proc-sys-fs-binfmt_misc.automount: Got automount request for /proc/sys/fs/binfmt_misc, triggered by 555 (snap)
Jun 14 09:25:44 Nfs systemd[1]: proc-sys-fs-binfmt_misc.automount: Automount point already active?
Jun 14 09:25:44 Nfs systemd[1]: proc-sys-fs-binfmt_misc.automount: Got automount request for /proc/sys/fs/binfmt_misc, triggered by 555 (snap)
Jun 14 09:25:44 Nfs systemd[1]: proc-sys-fs-binfmt_misc.automount: Automount point already active?
Jun 14 09:25:44 Nfs systemd[1]: proc-sys-fs-binfmt_misc.automount: Got automount request for /proc/sys/fs/binfmt_misc, triggered by 555 (snap)
Jun 14 09:25:44 Nfs systemd[1]: proc-sys-fs-binfmt_misc.automount: Automount point already active?
Jun 14 09:25:44 Nfs systemd[1]: proc-sys-fs-binfmt_misc.automount: Got automount request for /proc/sys/fs/binfmt_misc, triggered by 555 (snap)
Jun 14 09:25:44 Nfs systemd[1]: proc-sys-fs-binfmt_misc.automount: Automount point already active?
Jun 14 09:25:44 Nfs systemd[1]: proc-sys-fs-binfmt_misc.automount: Got automount request for /proc/sys/fs/binfmt_misc, triggered by 555 (snap)
Jun 14 09:25:44 Nfs systemd[1]: proc-sys-fs-binfmt_misc.automount: Automount point already active?
Jun 14 09:25:44 Nfs systemd[1]: proc-sys-fs-binfmt_misc.automount: Got automount request for /proc/sys/fs/binfmt_misc, triggered by 555 (snap)
Jun 14 09:25:44 Nfs systemd[1]: proc-sys-fs-binfmt_misc.automount: Automount point already active?
Jun 14 09:25:44 Nfs systemd[1]: proc-sys-fs-binfmt_misc.automount: Got automount request for /proc/sys/fs/binfmt_misc, triggered by 555 (snap)
Jun 14 09:25:44 Nfs systemd[1]: proc-sys-fs-binfmt_misc.automount: Automount point already active?
Jun 14 09:25:44 Nfs systemd[1]: proc-sys-fs-binfmt_misc.automount: Got automount request for /proc/sys/fs/binfmt_misc, triggered by 555 (snap)
Jun 14 09:25:44 Nfs systemd[1]: proc-sys-fs-binfmt_misc.automount: Automount point already active?
Jun 14 09:25:44 Nfs systemd[1]: proc-sys-fs-binfmt_misc.automount: Got automount request for /proc/sys/fs/binfmt_misc, triggered by 555 (snap)
Jun 14 09:25:44 Nfs systemd[1]: proc-sys-fs-binfmt_misc.automount: Automount point already active?
Jun 14 09:25:44 Nfs systemd[1]: proc-sys-fs-binfmt_misc.automount: Got automount request for /proc/sys/fs/binfmt_misc, triggered by 555 (snap)
Jun 14 09:25:44 Nfs systemd[1]: proc-sys-fs-binfmt_misc.automount: Automount point already active?
Jun 14 09:25:44 Nfs systemd[1]: proc-sys-fs-binfmt_misc.automount: Got automount request for /proc/sys/fs/binfmt_misc, triggered by 555 (snap)
Jun 14 09:25:44 Nfs systemd[1]: proc-sys-fs-binfmt_misc.automount: Automount point already active?
Jun 14 09:25:44 Nfs systemd[1]: proc-sys-fs-binfmt_misc.automount: Got automount request for /proc/sys/fs/binfmt_misc, triggered by 555 (snap)
Jun 14 09:25:44 Nfs systemd[1]: proc-sys-fs-binfmt_misc.automount: Automount point already active?
Jun 14 09:25:44 Nfs systemd[1]: proc-sys-fs-binfmt_misc.automount: Got automount request for /proc/sys/fs/binfmt_misc, triggered by 555 (snap)
Jun 14 09:25:44 Nfs systemd[1]: proc-sys-fs-binfmt_misc.automount: Automount point already active?
Jun 14 09:25:44 Nfs systemd[1]: proc-sys-fs-binfmt_misc.automount: Got automount request for /proc/sys/fs/binfmt_misc, triggered by 555 (snap)
Jun 14 09:25:44 Nfs systemd[1]: proc-sys-fs-binfmt_misc.automount: Automount point already active?
Jun 14 09:25:44 Nfs systemd[1]: proc-sys-fs-binfmt_misc.automount: Got automount request for /proc/sys/fs/binfmt_misc, triggered by 555 (snap)
Jun 14 09:25:44 Nfs systemd[1]: proc-sys-fs-binfmt_misc.automount: Automount point already active?
Jun 14 09:25:44 Nfs systemd[1]: proc-sys-fs-binfmt_misc.automount: Got automount request for /proc/sys/fs/binfmt_misc, triggered by 555 (snap)
Jun 14 09:25:44 Nfs systemd[1]: proc-sys-fs-binfmt_misc.automount: Automount point already active?
Jun 14 09:25:44 Nfs systemd[1]: proc-sys-fs-binfmt_misc.automount: Got automount request for /proc/sys/fs/binfmt_misc, triggered by 555 (snap)
Jun 14 09:25:44 Nfs systemd[1]: proc-sys-fs-binfmt_misc.automount: Automount point already active?
Jun 14 09:25:44 Nfs systemd[1]: proc-sys-fs-binfmt_misc.automount: Got automount request for /proc/sys/fs/binfmt_misc, triggered by 555 (snap)
Jun 14 09:25:44 Nfs systemd[1]: proc-sys-fs-binfmt_misc.automount: Automount point already active?
Jun 14 09:25:44 Nfs systemd[1]: proc-sys-fs-binfmt_misc.automount: Got automount request for /proc/sys/fs/binfmt_misc, triggered by 555 (snap)
Jun 14 09:25:44 Nfs systemd[1]: proc-sys-fs-binfmt_misc.automount: Automount point already active?
Jun 14 09:25:44 Nfs systemd[1]: proc-sys-fs-binfmt_misc.automount: Got automount request for /proc/sys/fs/binfmt_misc, triggered by 555 (snap)
Jun 14 09:25:44 Nfs systemd[1]: proc-sys-fs-binfmt_misc.automount: Automount point already active?
Jun 14 09:25:44 Nfs systemd[1]: proc-sys-fs-binfmt_misc.automount: Got automount request for /proc/sys/fs/binfmt_misc, triggered by 555 (snap)
Jun 14 09:25:44 Nfs systemd[1]: proc-sys-fs-binfmt_misc.automount: Automount point already active?
Jun 14 09:25:44 Nfs systemd[1]: Reached target Bluetooth.
Jun 14 09:25:44 Nfs udevadm[538]: systemd-udev-settle.service is deprecated.
Jun 14 09:25:44 Nfs systemd[1]: Found device VMware_Virtual_S 3.
Jun 14 09:25:44 Nfs systemd[1]: Reached target Sound Card.
Jun 14 09:25:44 Nfs systemd[1]: Finished udev Wait for Complete Device Initialization.
Jun 14 09:25:44 Nfs systemd[1]: Starting Device-Mapper Multipath Device Controller...
Jun 14 09:25:44 Nfs multipathd[664]: --------start up--------
Jun 14 09:25:44 Nfs multipathd[664]: read /etc/multipath.conf
Jun 14 09:25:44 Nfs multipathd[664]: path checkers start up
Jun 14 09:25:44 Nfs multipathd[664]: sda: failed to get udev uid: Invalid argument
Jun 14 09:25:44 Nfs multipathd[664]: sda: failed to get unknown uid: Invalid argument
Jun 14 09:25:44 Nfs systemd[1]: Started Device-Mapper Multipath Device Controller.
Jun 14 09:25:44 Nfs systemd[1]: Reached target Local File Systems (Pre).
Jun 14 09:25:44 Nfs systemd[1]: Starting File System Check on /dev/disk/by-uuid/b3250128-ea34-4e8d-b163-44929514b518...
Jun 14 09:25:44 Nfs systemd[1]: Started File System Check Daemon to report status.
Jun 14 09:25:44 Nfs systemd-fsck[674]: /dev/sda3: clean, 4200/131072 files, 276815/523520 blocks
Jun 14 09:25:44 Nfs systemd[1]: Finished File System Check on /dev/disk/by-uuid/b3250128-ea34-4e8d-b163-44929514b518.
Jun 14 09:25:44 Nfs systemd[1]: Mounting /var...
Jun 14 09:25:44 Nfs systemd[1]: Mounted /var.
Jun 14 09:25:44 Nfs systemd[1]: Listening on Load/Save RF Kill Switch Status /dev/rfkill Watch.
Jun 14 09:25:44 Nfs systemd[1]: Mounting Mount unit for core20, revision 2264...
Jun 14 09:25:44 Nfs systemd[1]: Mounting Mount unit for core20, revision 2318...
Jun 14 09:25:44 Nfs systemd[1]: Mounting Mount unit for lxd, revision 24061...
Jun 14 09:25:44 Nfs systemd[1]: Mounting Mount unit for snapd, revision 21465...
Jun 14 09:25:44 Nfs systemd[1]: Mounting Mount unit for snapd, revision 21759...
Jun 14 09:25:44 Nfs systemd[1]: Starting Flush Journal to Persistent Storage...
Jun 14 09:25:44 Nfs systemd[1]: Condition check resulted in Platform Persistent Storage Archival being skipped.
Jun 14 09:25:44 Nfs systemd[1]: Starting Load/Save Random Seed...
Jun 14 09:25:44 Nfs systemd[1]: Starting Load/Save RF Kill Switch Status...
Jun 14 09:25:44 Nfs systemd[1]: Finished Load/Save Random Seed.
Jun 14 09:25:44 Nfs systemd[1]: Mounted Mount unit for core20, revision 2264.
Jun 14 09:25:44 Nfs systemd[1]: Started Load/Save RF Kill Switch Status.
Jun 14 09:25:44 Nfs systemd[1]: Mounted Mount unit for snapd, revision 21465.
Jun 14 09:25:44 Nfs systemd[1]: Mounted Mount unit for snapd, revision 21759.
Jun 14 09:25:44 Nfs systemd[1]: Mounted Mount unit for core20, revision 2318.
Jun 14 09:25:44 Nfs systemd[1]: Mounted Mount unit for lxd, revision 24061.
Jun 14 09:25:44 Nfs systemd[1]: Reached target Mounted snaps.
Jun 14 09:25:44 Nfs systemd[1]: Reached target Local File Systems.
Jun 14 09:25:44 Nfs systemd[1]: Starting Load AppArmor profiles...
Jun 14 09:25:44 Nfs systemd[1]: Starting Set console font and keymap...
Jun 14 09:25:44 Nfs systemd[1]: Starting Create final runtime dir for shutdown pivot root...
Jun 14 09:25:44 Nfs systemd[1]: Condition check resulted in LXD - agent - 9p mount being skipped.
Jun 14 09:25:44 Nfs systemd[1]: Condition check resulted in LXD - agent being skipped.
Jun 14 09:25:44 Nfs systemd[1]: Starting Preprocess NFS configuration...
Jun 14 09:25:44 Nfs systemd[1]: Starting Tell Plymouth To Write Out Runtime Data...
Jun 14 09:25:44 Nfs systemd[1]: Condition check resulted in Store a System Token in an EFI Variable being skipped.
Jun 14 09:25:44 Nfs systemd[1]: Condition check resulted in Commit a transient machine-id on disk being skipped.
Jun 14 09:25:44 Nfs systemd[1]: Finished Flush Journal to Persistent Storage.
Jun 14 09:25:44 Nfs systemd[1]: Finished Create final runtime dir for shutdown pivot root.
Jun 14 09:25:44 Nfs systemd[1]: nfs-config.service: Succeeded.
Jun 14 09:25:44 Nfs systemd[1]: Finished Preprocess NFS configuration.
Jun 14 09:25:44 Nfs systemd[1]: plymouth-read-write.service: Succeeded.
Jun 14 09:25:44 Nfs systemd[1]: Finished Tell Plymouth To Write Out Runtime Data.
Jun 14 09:25:44 Nfs systemd[1]: Starting NFSv4 ID-name mapping service...
Jun 14 09:25:44 Nfs systemd[1]: Condition check resulted in RPC security service for NFS client and server being skipped.
Jun 14 09:25:44 Nfs systemd[1]: Reached target NFS client services.
Jun 14 09:25:44 Nfs systemd[1]: Condition check resulted in RPC security service for NFS server being skipped.
Jun 14 09:25:44 Nfs systemd[1]: Starting Create Volatile Files and Directories...
Jun 14 09:25:44 Nfs apparmor.systemd[692]: Restarting AppArmor
Jun 14 09:25:44 Nfs systemd[1]: Finished Set console font and keymap.
Jun 14 09:25:44 Nfs apparmor.systemd[692]: Reloading AppArmor profiles
Jun 14 09:25:44 Nfs systemd[1]: Started NFSv4 ID-name mapping service.
Jun 14 09:25:44 Nfs systemd[1]: Finished Create Volatile Files and Directories.
Jun 14 09:25:44 Nfs systemd[1]: Starting RPC bind portmap service...
Jun 14 09:25:44 Nfs systemd[1]: Starting Network Time Synchronization...
Jun 14 09:25:44 Nfs systemd[1]: Starting Update UTMP about System Boot/Shutdown...
Jun 14 09:25:44 Nfs systemd[1]: Finished Update UTMP about System Boot/Shutdown.
Jun 14 09:25:44 Nfs systemd[1]: Started RPC bind portmap service.
Jun 14 09:25:44 Nfs systemd[1]: Reached target RPC Port Mapper.
Jun 14 09:25:44 Nfs apparmor.systemd[721]: Skipping profile in /etc/apparmor.d/disable: usr.sbin.rsyslogd
Jun 14 09:25:44 Nfs systemd[1]: Finished Load AppArmor profiles.
Jun 14 09:25:44 Nfs systemd[1]: Starting Load AppArmor profiles managed internally by snapd...
Jun 14 09:25:44 Nfs systemd[1]: Started Authentication service for virtual machines hosted on VMware.
Jun 14 09:25:44 Nfs systemd[1]: Started Service for virtual machines hosted on VMware.
Jun 14 09:25:44 Nfs systemd[1]: Starting Initial cloud-init job (pre-networking)...
Jun 14 09:25:44 Nfs systemd[1]: Started Network Time Synchronization.
Jun 14 09:25:44 Nfs systemd[1]: Reached target System Time Set.
Jun 14 09:25:44 Nfs systemd[1]: Reached target System Time Synchronized.
Jun 14 09:25:44 Nfs VGAuthService[723]: Pref_Init: Using '/etc/vmware-tools/vgauth.conf' as preferences filepath
Jun 14 09:25:44 Nfs VGAuthService[723]: Core dump limit set to -1
Jun 14 09:25:44 Nfs VGAuthService[723]: INIT SERVICE
Jun 14 09:25:44 Nfs VGAuthService[723]: Using '/var/lib/vmware/VGAuth/aliasStore' for alias store root directory
Jun 14 09:25:44 Nfs VGAuthService[723]: LoadCatalogAndSchema: Using '/etc/vmware-tools/vgauth/schemas' for SAML schemas
Jun 14 09:25:44 Nfs snapd-apparmor[722]: main.go:124: Loading profiles [/var/lib/snapd/apparmor/profiles/snap-confine.snapd.21465 /var/lib/snapd/apparmor/profiles/snap-confine.snapd.21759 /var/lib/snapd/apparmor/profiles/snap-update-ns.lxd /var/lib/snapd/apparmor/profiles/snap.lxd.activate /var/lib/snapd/apparmor/profiles/snap.lxd.benchmark /var/lib/snapd/apparmor/profiles/snap.lxd.buginfo /var/lib/snapd/apparmor/profiles/snap.lxd.check-kernel /var/lib/snapd/apparmor/profiles/snap.lxd.daemon /var/lib/snapd/apparmor/profiles/snap.lxd.hook.configure /var/lib/snapd/apparmor/profiles/snap.lxd.hook.install /var/lib/snapd/apparmor/profiles/snap.lxd.hook.remove /var/lib/snapd/apparmor/profiles/snap.lxd.lxc /var/lib/snapd/apparmor/profiles/snap.lxd.lxc-to-lxd /var/lib/snapd/apparmor/profiles/snap.lxd.lxd /var/lib/snapd/apparmor/profiles/snap.lxd.migrate]
Jun 14 09:25:44 Nfs VGAuthService[723]: LoadPrefs: Allowing 300 of clock skew for SAML date validation
Jun 14 09:25:44 Nfs VGAuthService[723]: SAML_Init: Using xmlsec1 1.2.28 for XML signature support
Jun 14 09:25:44 Nfs VGAuthService[723]: ServiceNetworkCreateSocketDir: Created socket directory '/var/run/vmware'
Jun 14 09:25:44 Nfs VGAuthService[723]: BEGIN SERVICE
Jun 14 09:25:44 Nfs systemd[1]: Finished Load AppArmor profiles managed internally by snapd.
Jun 14 09:25:44 Nfs cloud-init[802]: Cloud-init v. 24.1.3-0ubuntu1~20.04.1 running 'init-local' at Fri, 14 Jun 2024 08:25:38 +0000. Up 11.72 seconds.
Jun 14 09:25:44 Nfs systemd[1]: Finished Initial cloud-init job (pre-networking).
Jun 14 09:25:44 Nfs systemd[1]: Reached target Network (Pre).
Jun 14 09:25:44 Nfs systemd[1]: Starting Network Service...
Jun 14 09:25:44 Nfs systemd-networkd[803]: Enumeration completed
Jun 14 09:25:44 Nfs systemd[1]: Started Network Service.
Jun 14 09:25:44 Nfs systemd[1]: Starting Wait for Network to be Configured...
Jun 14 09:25:44 Nfs systemd-networkd[803]: ens37: IPv6 successfully enabled
Jun 14 09:25:44 Nfs systemd[1]: Starting Network Name Resolution...
Jun 14 09:25:44 Nfs systemd-networkd[803]: ens33: IPv6 successfully enabled
Jun 14 09:25:44 Nfs systemd-networkd[803]: ens37: Link UP
Jun 14 09:25:44 Nfs systemd-networkd[803]: ens33: Link UP
Jun 14 09:25:44 Nfs systemd-networkd[803]: ens33: Gained carrier
Jun 14 09:25:44 Nfs systemd-networkd[803]: ens37: Gained carrier
Jun 14 09:25:44 Nfs systemd-networkd[803]: ens33: DHCPv4 address 10.14.40.11/24 via 10.14.40.254
Jun 14 09:25:44 Nfs systemd-timesyncd[711]: Network configuration changed, trying to establish connection.
Jun 14 09:25:44 Nfs systemd-resolved[805]: Positive Trust Anchors:
Jun 14 09:25:44 Nfs systemd-resolved[805]: . IN DS 20326 8 2 e06d44b80b8f1d39a95c0b0d7c65d08458e880409bbc683457104237c7f8ec8d
Jun 14 09:25:44 Nfs systemd-resolved[805]: Negative trust anchors: 10.in-addr.arpa 16.172.in-addr.arpa 17.172.in-addr.arpa 18.172.in-addr.arpa 19.172.in-addr.arpa 20.172.in-addr.arpa 21.172.in-addr.arpa 22.172.in-addr.arpa 23.172.in-addr.arpa 24.172.in-addr.arpa 25.172.in-addr.arpa 26.172.in-addr.arpa 27.172.in-addr.arpa 28.172.in-addr.arpa 29.172.in-addr.arpa 30.172.in-addr.arpa 31.172.in-addr.arpa 168.192.in-addr.arpa d.f.ip6.arpa corp home internal intranet lan local private test
Jun 14 09:25:44 Nfs systemd-resolved[805]: Using system hostname 'Nfs'.
Jun 14 09:25:44 Nfs systemd[1]: Started Network Name Resolution.
Jun 14 09:25:44 Nfs systemd[1]: Reached target Network.
Jun 14 09:25:44 Nfs systemd[1]: Reached target Host and Network Name Lookups.
Jun 14 09:25:44 Nfs systemd[1]: Starting NFS Mount Daemon...
Jun 14 09:25:44 Nfs rpc.mountd[808]: Version 1.3.3 starting
Jun 14 09:25:44 Nfs systemd[1]: Started NFS Mount Daemon.
Jun 14 09:25:44 Nfs systemd[1]: Starting NFS server and services...
Jun 14 09:25:44 Nfs exportfs[809]: exportfs: /etc/exports [1]: Neither 'subtree_check' or 'no_subtree_check' specified for export "10.14.40.4:/home/im/backups".
Jun 14 09:25:44 Nfs exportfs[809]:   Assuming default behaviour ('no_subtree_check').
Jun 14 09:25:44 Nfs exportfs[809]:   NOTE: this default has changed since nfs-utils version 1.0.x
Jun 14 09:25:44 Nfs exportfs[809]: exportfs: /etc/exports [2]: Neither 'subtree_check' or 'no_subtree_check' specified for export "10.14.40.0/24:/home/im/scripts".
Jun 14 09:25:44 Nfs exportfs[809]:   Assuming default behaviour ('no_subtree_check').
Jun 14 09:25:44 Nfs exportfs[809]:   NOTE: this default has changed since nfs-utils version 1.0.x
Jun 14 09:25:44 Nfs systemd-networkd[803]: ens37: DHCPv4 address 192.168.6.161/24 via 192.168.6.2
Jun 14 09:25:44 Nfs systemd-timesyncd[711]: Network configuration changed, trying to establish connection.
Jun 14 09:25:44 Nfs systemd-timesyncd[711]: Network configuration changed, trying to establish connection.
Jun 14 09:25:44 Nfs systemd-networkd[803]: ens37: Gained IPv6LL
Jun 14 09:25:44 Nfs systemd-timesyncd[711]: Network configuration changed, trying to establish connection.
Jun 14 09:25:44 Nfs systemd-networkd-wait-online[804]: managing: ens37
Jun 14 09:25:44 Nfs systemd[1]: Finished NFS server and services.
Jun 14 09:25:44 Nfs systemd-networkd[803]: ens33: Gained IPv6LL
Jun 14 09:25:44 Nfs systemd-networkd-wait-online[804]: managing: ens37
Jun 14 09:25:44 Nfs systemd-networkd-wait-online[804]: managing: ens33
Jun 14 09:25:44 Nfs systemd-timesyncd[711]: Network configuration changed, trying to establish connection.
Jun 14 09:25:44 Nfs systemd[1]: Finished Wait for Network to be Configured.
Jun 14 09:25:44 Nfs systemd[1]: Starting Initial cloud-init job (metadata service crawler)...
Jun 14 09:25:44 Nfs systemd[1]: systemd-rfkill.service: Succeeded.
Jun 14 09:25:44 Nfs cloud-init[829]: Cloud-init v. 24.1.3-0ubuntu1~20.04.1 running 'init' at Fri, 14 Jun 2024 08:25:41 +0000. Up 14.65 seconds.
Jun 14 09:25:44 Nfs cloud-init[829]: ci-info: ++++++++++++++++++++++++++++++++++++++Net device info+++++++++++++++++++++++++++++++++++++++
Jun 14 09:25:44 Nfs cloud-init[829]: ci-info: +--------+------+-----------------------------+---------------+--------+-------------------+
Jun 14 09:25:44 Nfs cloud-init[829]: ci-info: | Device |  Up  |           Address           |      Mask     | Scope  |     Hw-Address    |
Jun 14 09:25:44 Nfs cloud-init[829]: ci-info: +--------+------+-----------------------------+---------------+--------+-------------------+
Jun 14 09:25:44 Nfs cloud-init[829]: ci-info: | ens33  | True |         10.14.40.11         | 255.255.255.0 | global | 00:0c:29:80:77:4b |
Jun 14 09:25:44 Nfs cloud-init[829]: ci-info: | ens33  | True | fe80::20c:29ff:fe80:774b/64 |       .       |  link  | 00:0c:29:80:77:4b |
Jun 14 09:25:44 Nfs cloud-init[829]: ci-info: | ens37  | True |        192.168.6.161        | 255.255.255.0 | global | 00:0c:29:80:77:55 |
Jun 14 09:25:44 Nfs cloud-init[829]: ci-info: | ens37  | True | fe80::20c:29ff:fe80:7755/64 |       .       |  link  | 00:0c:29:80:77:55 |
Jun 14 09:25:44 Nfs cloud-init[829]: ci-info: |   lo   | True |          127.0.0.1          |   255.0.0.0   |  host  |         .         |
Jun 14 09:25:44 Nfs cloud-init[829]: ci-info: |   lo   | True |           ::1/128           |       .       |  host  |         .         |
Jun 14 09:25:44 Nfs cloud-init[829]: ci-info: +--------+------+-----------------------------+---------------+--------+-------------------+
Jun 14 09:25:44 Nfs cloud-init[829]: ci-info: +++++++++++++++++++++++++++++++Route IPv4 info+++++++++++++++++++++++++++++++
Jun 14 09:25:44 Nfs cloud-init[829]: ci-info: +-------+--------------+--------------+-----------------+-----------+-------+
Jun 14 09:25:44 Nfs cloud-init[829]: ci-info: | Route | Destination  |   Gateway    |     Genmask     | Interface | Flags |
Jun 14 09:25:44 Nfs cloud-init[829]: ci-info: +-------+--------------+--------------+-----------------+-----------+-------+
Jun 14 09:25:44 Nfs cloud-init[829]: ci-info: |   0   |   0.0.0.0    | 10.14.40.254 |     0.0.0.0     |   ens33   |   UG  |
Jun 14 09:25:44 Nfs cloud-init[829]: ci-info: |   1   |   0.0.0.0    | 192.168.6.2  |     0.0.0.0     |   ens37   |   UG  |
Jun 14 09:25:44 Nfs cloud-init[829]: ci-info: |   2   |  10.14.40.0  |   0.0.0.0    |  255.255.255.0  |   ens33   |   U   |
Jun 14 09:25:44 Nfs cloud-init[829]: ci-info: |   3   | 10.14.40.254 |   0.0.0.0    | 255.255.255.255 |   ens33   |   UH  |
Jun 14 09:25:44 Nfs cloud-init[829]: ci-info: |   4   | 192.168.6.0  |   0.0.0.0    |  255.255.255.0  |   ens37   |   U   |
Jun 14 09:25:44 Nfs cloud-init[829]: ci-info: |   5   | 192.168.6.2  |   0.0.0.0    | 255.255.255.255 |   ens37   |   UH  |
Jun 14 09:25:44 Nfs cloud-init[829]: ci-info: +-------+--------------+--------------+-----------------+-----------+-------+
Jun 14 09:25:44 Nfs cloud-init[829]: ci-info: +++++++++++++++++++Route IPv6 info+++++++++++++++++++
Jun 14 09:25:44 Nfs cloud-init[829]: ci-info: +-------+-------------+---------+-----------+-------+
Jun 14 09:25:44 Nfs cloud-init[829]: ci-info: | Route | Destination | Gateway | Interface | Flags |
Jun 14 09:25:44 Nfs cloud-init[829]: ci-info: +-------+-------------+---------+-----------+-------+
Jun 14 09:25:44 Nfs cloud-init[829]: ci-info: |   1   |  fe80::/64  |    ::   |   ens33   |   U   |
Jun 14 09:25:44 Nfs cloud-init[829]: ci-info: |   2   |  fe80::/64  |    ::   |   ens37   |   U   |
Jun 14 09:25:44 Nfs cloud-init[829]: ci-info: |   4   |    local    |    ::   |   ens33   |   U   |
Jun 14 09:25:44 Nfs cloud-init[829]: ci-info: |   5   |    local    |    ::   |   ens37   |   U   |
Jun 14 09:25:44 Nfs cloud-init[829]: ci-info: |   6   |  multicast  |    ::   |   ens33   |   U   |
Jun 14 09:25:44 Nfs cloud-init[829]: ci-info: |   7   |  multicast  |    ::   |   ens37   |   U   |
Jun 14 09:25:44 Nfs cloud-init[829]: ci-info: +-------+-------------+---------+-----------+-------+
Jun 14 09:25:44 Nfs systemd[1]: Finished Initial cloud-init job (metadata service crawler).
Jun 14 09:25:44 Nfs systemd[1]: Reached target Cloud-config availability.
Jun 14 09:25:44 Nfs systemd[1]: Reached target Network is Online.
Jun 14 09:25:44 Nfs systemd[1]: Reached target System Initialization.
Jun 14 09:25:44 Nfs systemd[1]: Condition check resulted in Process error reports when automatic reporting is enabled (file watch) being skipped.
Jun 14 09:25:44 Nfs systemd[1]: Started Daily apt download activities.
Jun 14 09:25:44 Nfs systemd[1]: Started Daily apt upgrade and clean activities.
Jun 14 09:25:44 Nfs systemd[1]: Started Periodic ext4 Online Metadata Check for All Filesystems.
Jun 14 09:25:44 Nfs systemd[1]: Started Discard unused blocks once a week.
Jun 14 09:25:44 Nfs systemd[1]: Started Refresh fwupd metadata regularly.
Jun 14 09:25:44 Nfs systemd[1]: Started Daily rotation of log files.
Jun 14 09:25:44 Nfs systemd[1]: Started Daily man-db regeneration.
Jun 14 09:25:44 Nfs systemd[1]: Started Message of the Day.
Jun 14 09:25:44 Nfs systemd[1]: Condition check resulted in Timer to automatically fetch and run repair assertions being skipped.
Jun 14 09:25:44 Nfs systemd[1]: Started Daily Cleanup of Temporary Directories.
Jun 14 09:25:44 Nfs systemd[1]: Condition check resulted in Ubuntu Pro Timer for running repeated jobs being skipped.
Jun 14 09:25:44 Nfs systemd[1]: Reached target Paths.
Jun 14 09:25:44 Nfs systemd[1]: Reached target Timers.
Jun 14 09:25:44 Nfs systemd[1]: Condition check resulted in Unix socket for apport crash forwarding being skipped.
Jun 14 09:25:44 Nfs systemd[1]: Listening on cloud-init hotplug hook socket.
Jun 14 09:25:44 Nfs systemd[1]: Listening on D-Bus System Message Bus Socket.
Jun 14 09:25:44 Nfs systemd[1]: Listening on Open-iSCSI iscsid Socket.
Jun 14 09:25:44 Nfs systemd[1]: Listening on Socket unix for snap application lxd.daemon.
Jun 14 09:25:44 Nfs systemd[1]: Starting Socket activation for snappy daemon.
Jun 14 09:25:44 Nfs systemd[1]: Listening on UUID daemon activation socket.
Jun 14 09:25:44 Nfs systemd[1]: Condition check resulted in Login to default iSCSI targets being skipped.
Jun 14 09:25:44 Nfs systemd[1]: Reached target Remote File Systems (Pre).
Jun 14 09:25:44 Nfs systemd[1]: Reached target Remote File Systems.
Jun 14 09:25:44 Nfs systemd[1]: Starting Availability of block devices...
Jun 14 09:25:44 Nfs systemd[1]: Listening on Socket activation for snappy daemon.
Jun 14 09:25:44 Nfs systemd[1]: Finished Availability of block devices.
Jun 14 09:25:44 Nfs systemd[1]: Reached target Sockets.
Jun 14 09:25:44 Nfs systemd[1]: Reached target Basic System.
Jun 14 09:25:44 Nfs systemd[1]: Starting Accounts Service...
Jun 14 09:25:44 Nfs systemd[1]: Starting LSB: automatic crash report generation...
Jun 14 09:25:44 Nfs systemd[1]: Starting Deferred execution scheduler...
Jun 14 09:25:44 Nfs systemd[1]: Started Regular background program processing daemon.
Jun 14 09:25:44 Nfs cron[839]: (CRON) INFO (pidfile fd = 3)
Jun 14 09:25:44 Nfs cron[839]: (CRON) INFO (Running @reboot jobs)
Jun 14 09:25:44 Nfs systemd[1]: Started D-Bus System Message Bus.
Jun 14 09:25:44 Nfs systemd[1]: Started Save initial kernel messages after boot.
Jun 14 09:25:44 Nfs dbus-daemon[843]: dbus[843]: Unknown group "power" in message bus configuration file
Jun 14 09:25:44 Nfs systemd[1]: Starting Remove Stale Online ext4 Metadata Check Snapshots...
Jun 14 09:25:44 Nfs dbus-daemon[843]: [system] AppArmor D-Bus mediation is enabled
Jun 14 09:25:44 Nfs systemd[1]: Condition check resulted in getty on tty2-tty6 if dbus and logind are not available being skipped.
Jun 14 09:25:44 Nfs systemd[1]: Starting Record successful boot for GRUB...
Jun 14 09:25:44 Nfs systemd[1]: Started irqbalance daemon.
Jun 14 09:25:44 Nfs systemd[1]: Starting Dispatcher daemon for systemd-networkd...
Jun 14 09:25:44 Nfs systemd[1]: Condition check resulted in Set the CPU Frequency Scaling governor being skipped.
Jun 14 09:25:44 Nfs systemd[1]: Starting Authorization Manager...
Jun 14 09:25:44 Nfs systemd[1]: Condition check resulted in Pollinate to seed the pseudo random number generator being skipped.
Jun 14 09:25:44 Nfs systemd[1]: Condition check resulted in fast remote file copy program daemon being skipped.
Jun 14 09:25:44 Nfs systemd[1]: Starting System Logging Service...
Jun 14 09:25:44 Nfs systemd[1]: Condition check resulted in Secure Boot updates for DB and DBX being skipped.
Jun 14 09:25:44 Nfs systemd[1]: Starting Service for snap application lxd.activate...
Jun 14 09:25:44 Nfs polkitd[852]: started daemon version 0.105 using authority implementation `local' version `0.105'
Jun 14 09:25:44 Nfs systemd[1]: Condition check resulted in Automatically repair incorrect owner/permissions on core devices being skipped.
Jun 14 09:25:44 Nfs systemd[1]: Condition check resulted in Wait for the Ubuntu Core chooser trigger being skipped.
Jun 14 09:25:44 Nfs systemd[1]: Reached target Login Prompts (Pre).
Jun 14 09:25:44 Nfs systemd[1]: Starting Wait until snapd is fully seeded...
Jun 14 09:25:44 Nfs systemd[1]: Starting Snap Daemon...
Jun 14 09:25:44 Nfs systemd[1]: Starting OpenBSD Secure Shell server...
Jun 14 09:25:44 Nfs systemd[1]: Starting Login Service...
Jun 14 09:25:44 Nfs systemd[1]: Starting Permit User Sessions...
Jun 14 09:25:44 Nfs systemd[1]: Condition check resulted in Thermal Daemon Service being skipped.
Jun 14 09:25:44 Nfs systemd[1]: Condition check resulted in Ubuntu Pro reboot cmds being skipped.
Jun 14 09:25:44 Nfs systemd[1]: Condition check resulted in Ubuntu Pro Background Auto Attach being skipped.
Jun 14 09:25:44 Nfs systemd[1]: Starting Disk Manager...
Jun 14 09:25:44 Nfs systemd[1]: Starting Webmin server daemon...
Jun 14 09:25:44 Nfs systemd[1]: Starting Rotate log files...
Jun 14 09:25:44 Nfs systemd[1]: Starting Daily man-db regeneration...
Jun 14 09:25:44 Nfs systemd[1]: Started Deferred execution scheduler.
Jun 14 09:25:44 Nfs systemd[1]: e2scrub_reap.service: Succeeded.
Jun 14 09:25:44 Nfs systemd[1]: Finished Remove Stale Online ext4 Metadata Check Snapshots.
Jun 14 09:25:44 Nfs systemd[1]: Finished Permit User Sessions.
Jun 14 09:25:44 Nfs udisksd[872]: udisks daemon version 2.8.4 starting
Jun 14 09:25:44 Nfs systemd[1]: Starting Hold until boot process finishes up...
Jun 14 09:25:44 Nfs systemd[1]: Starting Terminate Plymouth Boot Screen...
Jun 14 09:25:44 Nfs systemd[1]: plymouth-quit-wait.service: Succeeded.
Jun 14 09:25:44 Nfs systemd[1]: Finished Hold until boot process finishes up.
Jun 14 09:25:44 Nfs systemd[1]: plymouth-quit.service: Succeeded.
Jun 14 09:25:44 Nfs systemd[1]: Finished Terminate Plymouth Boot Screen.
Jun 14 09:25:44 Nfs systemd[1]: Started Authorization Manager.
Jun 14 09:25:44 Nfs systemd[1]: Starting Modem Manager...
Jun 14 09:25:44 Nfs systemd[1]: Starting Set console scheme...
Jun 14 09:25:44 Nfs systemd[1]: Finished Set console scheme.
Jun 14 09:25:44 Nfs systemd[1]: Created slice system-getty.slice.
Jun 14 09:25:44 Nfs systemd[1]: Started Getty on tty1.
Jun 14 09:25:44 Nfs systemd[1]: Reached target Login Prompts.
Jun 14 09:25:44 Nfs systemd[1]: grub-common.service: Succeeded.
Jun 14 09:25:44 Nfs systemd[1]: Finished Record successful boot for GRUB.
Jun 14 09:25:44 Nfs udisksd[872]: failed to load module mdraid: libbd_mdraid.so.2: cannot open shared object file: No such file or directory
Jun 14 09:25:44 Nfs systemd[1]: Starting GRUB failed boot detection...
Jun 14 09:25:44 Nfs apport[836]:  * Starting automatic crash report generation: apport
Jun 14 09:25:44 Nfs systemd[1]: grub-initrd-fallback.service: Succeeded.
Jun 14 09:25:44 Nfs systemd[1]: Finished GRUB failed boot detection.
Jun 14 09:25:44 Nfs udisksd[872]: Failed to load the 'mdraid' libblockdev plugin
Jun 14 09:25:44 Nfs apport[836]:    ...done.
Jun 14 09:25:44 Nfs systemd[1]: Started LSB: automatic crash report generation.
Jun 14 09:25:44 Nfs systemd[1]: Started OpenBSD Secure Shell server.
Jun 14 09:25:44 Nfs accounts-daemon[835]: started daemon version 0.6.55
Jun 14 09:25:44 Nfs systemd[1]: Started Accounts Service.
Jun 14 09:25:44 Nfs ModemManager[894]: <info>  ModemManager (version 1.18.6) starting in system bus...
Jun 14 09:25:44 Nfs networkd-dispatcher[850]: No valid path found for iwconfig
Jun 14 09:25:44 Nfs systemd[1]: rsyslog.service: Failed with result 'protocol'.
Jun 14 09:25:44 Nfs systemd[1]: Failed to start System Logging Service.
Jun 14 09:25:44 Nfs systemd[1]: logrotate.service: Succeeded.
Jun 14 09:25:44 Nfs systemd[1]: Finished Rotate log files.
Jun 14 09:25:44 Nfs systemd[1]: Started Disk Manager.
Jun 14 09:25:44 Nfs systemd[1]: rsyslog.service: Scheduled restart job, restart counter is at 1.
Jun 14 09:25:44 Nfs systemd[1]: Stopped System Logging Service.
Jun 14 09:25:44 Nfs systemd[1]: Starting System Logging Service...
Jun 14 09:25:44 Nfs udisksd[872]: Acquired the name org.freedesktop.UDisks2 on the system message bus
Jun 14 09:25:44 Nfs systemd[1]: Started Dispatcher daemon for systemd-networkd.
Jun 14 09:25:44 Nfs systemd[1]: Started Modem Manager.
Jun 14 09:25:44 Nfs systemd[1]: Started Login Service.
Jun 14 09:25:44 Nfs systemd[1]: Started Unattended Upgrades Shutdown.
Jun 14 09:25:44 Nfs systemd[1]: man-db.service: Succeeded.
Jun 14 09:25:44 Nfs systemd[1]: Finished Daily man-db regeneration.
Jun 14 09:25:44 Nfs systemd[1]: Started System Logging Service.
Jun 14 09:25:44 Nfs rsyslogd: imuxsock: Acquired UNIX socket '/run/systemd/journal/syslog' (fd 3) from systemd.  [v8.2001.0]
Jun 14 09:25:44 Nfs rsyslogd: rsyslogd's groupid changed to 110
Jun 14 09:25:44 Nfs rsyslogd: rsyslogd's userid changed to 104
Jun 14 09:25:44 Nfs rsyslogd: [origin software="rsyslogd" swVersion="8.2001.0" x-pid="938" x-info="https://www.rsyslog.com"] start
Jun 14 09:25:44 Nfs kernel: [    0.520859] ACPI: PCI Root Bridge [PCI0] (domain 0000 [bus 00-7f])
Jun 14 09:25:44 Nfs kernel: [    0.520955] acpi PNP0A03:00: _OSC: OS supports [ExtendedConfig ASPM ClockPM Segments MSI HPX-Type3]
Jun 14 09:25:44 Nfs kernel: [    0.521357] acpi PNP0A03:00: _OSC: platform does not support [AER LTR]
Jun 14 09:25:44 Nfs kernel: [    0.521824] acpi PNP0A03:00: _OSC: OS now controls [PCIeHotplug SHPCHotplug PME PCIeCapability]
Jun 14 09:25:44 Nfs kernel: [    0.524701] PCI host bridge to bus 0000:00
Jun 14 09:25:44 Nfs kernel: [    0.524763] pci_bus 0000:00: root bus resource [mem 0x000a0000-0x000bffff window]
Jun 14 09:25:44 Nfs kernel: [    0.524853] pci_bus 0000:00: root bus resource [mem 0x000cc000-0x000cffff window]
Jun 14 09:25:44 Nfs kernel: [    0.524942] pci_bus 0000:00: root bus resource [mem 0x000d0000-0x000d3fff window]
Jun 14 09:25:44 Nfs kernel: [    0.525046] pci_bus 0000:00: root bus resource [mem 0x000d4000-0x000d7fff window]
Jun 14 09:25:44 Nfs kernel: [    0.525135] pci_bus 0000:00: root bus resource [mem 0x000d8000-0x000dbfff window]
Jun 14 09:25:44 Nfs kernel: [    0.525224] pci_bus 0000:00: root bus resource [mem 0xc0000000-0xfebfffff window]
Jun 14 09:25:44 Nfs kernel: [    0.525313] pci_bus 0000:00: root bus resource [io  0x0000-0x0cf7 window]
Jun 14 09:25:44 Nfs kernel: [    0.525504] pci_bus 0000:00: root bus resource [io  0x0d00-0xfeff window]
Jun 14 09:25:44 Nfs kernel: [    0.525588] pci_bus 0000:00: root bus resource [bus 00-7f]
Jun 14 09:25:44 Nfs kernel: [    0.525730] pci 0000:00:00.0: [8086:7190] type 00 class 0x060000
Jun 14 09:25:44 Nfs kernel: [    0.527174] pci 0000:00:01.0: [8086:7191] type 01 class 0x060400
Jun 14 09:25:44 Nfs kernel: [    0.529686] pci 0000:00:07.0: [8086:7110] type 00 class 0x060100
Jun 14 09:25:44 Nfs kernel: [    0.530802] pci 0000:00:07.1: [8086:7111] type 00 class 0x01018a
Jun 14 09:25:44 Nfs kernel: [    0.532097] pci 0000:00:07.1: reg 0x20: [io  0x1060-0x106f]
Jun 14 09:25:44 Nfs kernel: [    0.532683] pci 0000:00:07.1: legacy IDE quirk: reg 0x10: [io  0x01f0-0x01f7]
Jun 14 09:25:44 Nfs kernel: [    0.532767] pci 0000:00:07.1: legacy IDE quirk: reg 0x14: [io  0x03f6]
Jun 14 09:25:44 Nfs kernel: [    0.532857] pci 0000:00:07.1: legacy IDE quirk: reg 0x18: [io  0x0170-0x0177]
Jun 14 09:25:44 Nfs kernel: [    0.532940] pci 0000:00:07.1: legacy IDE quirk: reg 0x1c: [io  0x0376]
Jun 14 09:25:44 Nfs kernel: [    0.533715] pci 0000:00:07.3: [8086:7113] type 00 class 0x068000
Jun 14 09:25:44 Nfs kernel: [    0.535396] pci 0000:00:07.3: quirk: [io  0x1000-0x103f] claimed by PIIX4 ACPI
Jun 14 09:25:44 Nfs kernel: [    0.535500] pci 0000:00:07.3: quirk: [io  0x1040-0x104f] claimed by PIIX4 SMB
Jun 14 09:25:44 Nfs kernel: [    0.536303] pci 0000:00:07.7: [15ad:0740] type 00 class 0x088000
Jun 14 09:25:44 Nfs kernel: [    0.536985] pci 0000:00:07.7: reg 0x10: [io  0x1080-0x10bf]
Jun 14 09:25:44 Nfs kernel: [    0.537559] pci 0000:00:07.7: reg 0x14: [mem 0xfebc0000-0xfebfffff 64bit]
Jun 14 09:25:44 Nfs kernel: [    0.542522] pci 0000:00:0f.0: [15ad:0405] type 00 class 0x030000
Jun 14 09:25:44 Nfs kernel: [    0.543574] pci 0000:00:0f.0: reg 0x10: [io  0x1070-0x107f]
Jun 14 09:25:44 Nfs kernel: [    0.544458] pci 0000:00:0f.0: reg 0x14: [mem 0xe8000000-0xefffffff pref]
Jun 14 09:25:44 Nfs kernel: [    0.545353] pci 0000:00:0f.0: reg 0x18: [mem 0xfe000000-0xfe7fffff]
Jun 14 09:25:44 Nfs kernel: [    0.548402] pci 0000:00:0f.0: reg 0x30: [mem 0x00000000-0x00007fff pref]
Jun 14 09:25:44 Nfs kernel: [    0.549676] pci 0000:00:10.0: [1000:0030] type 00 class 0x010000
Jun 14 09:25:44 Nfs kernel: [    0.550372] pci 0000:00:10.0: reg 0x10: [io  0x1400-0x14ff]
Jun 14 09:25:44 Nfs kernel: [    0.550987] pci 0000:00:10.0: reg 0x14: [mem 0xfeb80000-0xfeb9ffff 64bit]
Jun 14 09:25:44 Nfs kernel: [    0.551630] pci 0000:00:10.0: reg 0x1c: [mem 0xfeba0000-0xfebbffff 64bit]
Jun 14 09:25:44 Nfs kernel: [    0.552676] pci 0000:00:10.0: reg 0x30: [mem 0x00000000-0x00003fff pref]
Jun 14 09:25:44 Nfs kernel: [    0.553617] pci 0000:00:11.0: [15ad:0790] type 01 class 0x060401
Jun 14 09:25:44 Nfs kernel: [    0.555849] pci 0000:00:15.0: [15ad:07a0] type 01 class 0x060400
Jun 14 09:25:44 Nfs kernel: [    0.557237] pci 0000:00:15.0: PME# supported from D0 D3hot D3cold
Jun 14 09:25:44 Nfs kernel: [    0.557976] pci 0000:00:15.1: [15ad:07a0] type 01 class 0x060400
Jun 14 09:25:44 Nfs kernel: [    0.559261] pci 0000:00:15.1: PME# supported from D0 D3hot D3cold
Jun 14 09:25:44 Nfs kernel: [    0.559826] pci 0000:00:15.2: [15ad:07a0] type 01 class 0x060400
Jun 14 09:25:44 Nfs kernel: [    0.561102] pci 0000:00:15.2: PME# supported from D0 D3hot D3cold
Jun 14 09:25:44 Nfs kernel: [    0.561842] pci 0000:00:15.3: [15ad:07a0] type 01 class 0x060400
Jun 14 09:25:44 Nfs kernel: [    0.563129] pci 0000:00:15.3: PME# supported from D0 D3hot D3cold
Jun 14 09:25:44 Nfs kernel: [    0.563633] pci 0000:00:15.4: [15ad:07a0] type 01 class 0x060400
Jun 14 09:25:44 Nfs kernel: [    0.564998] pci 0000:00:15.4: PME# supported from D0 D3hot D3cold
Jun 14 09:25:44 Nfs kernel: [    0.565697] pci 0000:00:15.5: [15ad:07a0] type 01 class 0x060400
Jun 14 09:25:44 Nfs kernel: [    0.566991] pci 0000:00:15.5: PME# supported from D0 D3hot D3cold
Jun 14 09:25:44 Nfs kernel: [    0.567580] pci 0000:00:15.6: [15ad:07a0] type 01 class 0x060400
Jun 14 09:25:44 Nfs kernel: [    0.568915] pci 0000:00:15.6: PME# supported from D0 D3hot D3cold
Jun 14 09:25:44 Nfs kernel: [    0.569547] pci 0000:00:15.7: [15ad:07a0] type 01 class 0x060400
Jun 14 09:25:44 Nfs kernel: [    0.570801] pci 0000:00:15.7: PME# supported from D0 D3hot D3cold
Jun 14 09:25:44 Nfs kernel: [    0.571671] pci 0000:00:16.0: [15ad:07a0] type 01 class 0x060400
Jun 14 09:25:44 Nfs kernel: [    0.573094] pci 0000:00:16.0: PME# supported from D0 D3hot D3cold
Jun 14 09:25:44 Nfs kernel: [    0.573811] pci 0000:00:16.1: [15ad:07a0] type 01 class 0x060400
Jun 14 09:25:44 Nfs kernel: [    0.575129] pci 0000:00:16.1: PME# supported from D0 D3hot D3cold
Jun 14 09:25:44 Nfs kernel: [    0.575626] pci 0000:00:16.2: [15ad:07a0] type 01 class 0x060400
Jun 14 09:25:44 Nfs kernel: [    0.576941] pci 0000:00:16.2: PME# supported from D0 D3hot D3cold
Jun 14 09:25:44 Nfs kernel: [    0.577690] pci 0000:00:16.3: [15ad:07a0] type 01 class 0x060400
Jun 14 09:25:44 Nfs kernel: [    0.579007] pci 0000:00:16.3: PME# supported from D0 D3hot D3cold
Jun 14 09:25:44 Nfs kernel: [    0.579612] pci 0000:00:16.4: [15ad:07a0] type 01 class 0x060400
Jun 14 09:25:44 Nfs kernel: [    0.581076] pci 0000:00:16.4: PME# supported from D0 D3hot D3cold
Jun 14 09:25:44 Nfs kernel: [    0.581699] pci 0000:00:16.5: [15ad:07a0] type 01 class 0x060400
Jun 14 09:25:44 Nfs kernel: [    0.582998] pci 0000:00:16.5: PME# supported from D0 D3hot D3cold
Jun 14 09:25:44 Nfs kernel: [    0.583552] pci 0000:00:16.6: [15ad:07a0] type 01 class 0x060400
Jun 14 09:25:44 Nfs kernel: [    0.584863] pci 0000:00:16.6: PME# supported from D0 D3hot D3cold
Jun 14 09:25:44 Nfs kernel: [    0.585621] pci 0000:00:16.7: [15ad:07a0] type 01 class 0x060400
Jun 14 09:25:44 Nfs kernel: [    0.587010] pci 0000:00:16.7: PME# supported from D0 D3hot D3cold
Jun 14 09:25:44 Nfs kernel: [    0.587887] pci 0000:00:17.0: [15ad:07a0] type 01 class 0x060400
Jun 14 09:25:44 Nfs kernel: [    0.589320] pci 0000:00:17.0: PME# supported from D0 D3hot D3cold
Jun 14 09:25:44 Nfs kernel: [    0.589924] pci 0000:00:17.1: [15ad:07a0] type 01 class 0x060400
Jun 14 09:25:44 Nfs kernel: [    0.591226] pci 0000:00:17.1: PME# supported from D0 D3hot D3cold
Jun 14 09:25:44 Nfs kernel: [    0.591823] pci 0000:00:17.2: [15ad:07a0] type 01 class 0x060400
Jun 14 09:25:44 Nfs kernel: [    0.593117] pci 0000:00:17.2: PME# supported from D0 D3hot D3cold
Jun 14 09:25:44 Nfs kernel: [    0.593898] pci 0000:00:17.3: [15ad:07a0] type 01 class 0x060400
Jun 14 09:25:44 Nfs kernel: [    0.595129] pci 0000:00:17.3: PME# supported from D0 D3hot D3cold
Jun 14 09:25:44 Nfs kernel: [    0.595713] pci 0000:00:17.4: [15ad:07a0] type 01 class 0x060400
Jun 14 09:25:44 Nfs kernel: [    0.597180] pci 0000:00:17.4: PME# supported from D0 D3hot D3cold
Jun 14 09:25:44 Nfs kernel: [    0.597817] pci 0000:00:17.5: [15ad:07a0] type 01 class 0x060400
Jun 14 09:25:44 Nfs kernel: [    0.599103] pci 0000:00:17.5: PME# supported from D0 D3hot D3cold
Jun 14 09:25:44 Nfs kernel: [    0.599621] pci 0000:00:17.6: [15ad:07a0] type 01 class 0x060400
Jun 14 09:25:44 Nfs kernel: [    0.600945] pci 0000:00:17.6: PME# supported from D0 D3hot D3cold
Jun 14 09:25:44 Nfs kernel: [    0.601795] pci 0000:00:17.7: [15ad:07a0] type 01 class 0x060400
Jun 14 09:25:44 Nfs kernel: [    0.603129] pci 0000:00:17.7: PME# supported from D0 D3hot D3cold
Jun 14 09:25:44 Nfs kernel: [    0.603981] pci 0000:00:18.0: [15ad:07a0] type 01 class 0x060400
Jun 14 09:25:44 Nfs kernel: [    0.605347] pci 0000:00:18.0: PME# supported from D0 D3hot D3cold
Jun 14 09:25:44 Nfs kernel: [    0.605996] pci 0000:00:18.1: [15ad:07a0] type 01 class 0x060400
Jun 14 09:25:44 Nfs kernel: [    0.607285] pci 0000:00:18.1: PME# supported from D0 D3hot D3cold
Jun 14 09:25:44 Nfs kernel: [    0.607856] pci 0000:00:18.2: [15ad:07a0] type 01 class 0x060400
Jun 14 09:25:44 Nfs kernel: [    0.609172] pci 0000:00:18.2: PME# supported from D0 D3hot D3cold
Jun 14 09:25:44 Nfs kernel: [    0.609951] pci 0000:00:18.3: [15ad:07a0] type 01 class 0x060400
Jun 14 09:25:44 Nfs kernel: [    0.611435] pci 0000:00:18.3: PME# supported from D0 D3hot D3cold
Jun 14 09:25:44 Nfs kernel: [    0.612483] pci 0000:00:18.4: [15ad:07a0] type 01 class 0x060400
Jun 14 09:25:44 Nfs kernel: [    0.613829] pci 0000:00:18.4: PME# supported from D0 D3hot D3cold
Jun 14 09:25:44 Nfs kernel: [    0.614423] pci 0000:00:18.5: [15ad:07a0] type 01 class 0x060400
Jun 14 09:25:44 Nfs kernel: [    0.615731] pci 0000:00:18.5: PME# supported from D0 D3hot D3cold
Jun 14 09:25:44 Nfs kernel: [    0.616320] pci 0000:00:18.6: [15ad:07a0] type 01 class 0x060400
Jun 14 09:25:44 Nfs kernel: [    0.617708] pci 0000:00:18.6: PME# supported from D0 D3hot D3cold
Jun 14 09:25:44 Nfs kernel: [    0.618996] pci 0000:00:18.7: [15ad:07a0] type 01 class 0x060400
Jun 14 09:25:44 Nfs kernel: [    0.620500] pci 0000:00:18.7: PME# supported from D0 D3hot D3cold
Jun 14 09:25:44 Nfs kernel: [    0.623221] pci_bus 0000:01: extended config space not accessible
Jun 14 09:25:44 Nfs kernel: [    0.631775] pci 0000:00:01.0: PCI bridge to [bus 01]
Jun 14 09:25:44 Nfs kernel: [    0.632135] pci_bus 0000:02: extended config space not accessible
Jun 14 09:25:44 Nfs kernel: [    0.632704] acpiphp: Slot [32] registered
Jun 14 09:25:44 Nfs kernel: [    0.632790] acpiphp: Slot [33] registered
Jun 14 09:25:44 Nfs kernel: [    0.632871] acpiphp: Slot [34] registered
Jun 14 09:25:44 Nfs kernel: [    0.632950] acpiphp: Slot [35] registered
Jun 14 09:25:44 Nfs kernel: [    0.633085] acpiphp: Slot [36] registered
Jun 14 09:25:44 Nfs kernel: [    0.633170] acpiphp: Slot [37] registered
Jun 14 09:25:44 Nfs kernel: [    0.633252] acpiphp: Slot [38] registered
Jun 14 09:25:44 Nfs kernel: [    0.633330] acpiphp: Slot [39] registered
Jun 14 09:25:44 Nfs kernel: [    0.633409] acpiphp: Slot [40] registered
Jun 14 09:25:44 Nfs kernel: [    0.633741] acpiphp: Slot [41] registered
Jun 14 09:25:44 Nfs kernel: [    0.633824] acpiphp: Slot [42] registered
Jun 14 09:25:44 Nfs kernel: [    0.633964] acpiphp: Slot [43] registered
Jun 14 09:25:44 Nfs kernel: [    0.634121] acpiphp: Slot [44] registered
Jun 14 09:25:44 Nfs kernel: [    0.634201] acpiphp: Slot [45] registered
Jun 14 09:25:44 Nfs kernel: [    0.634279] acpiphp: Slot [46] registered
Jun 14 09:25:44 Nfs kernel: [    0.634357] acpiphp: Slot [47] registered
Jun 14 09:25:44 Nfs kernel: [    0.634435] acpiphp: Slot [48] registered
Jun 14 09:25:44 Nfs kernel: [    0.634528] acpiphp: Slot [49] registered
Jun 14 09:25:44 Nfs kernel: [    0.634606] acpiphp: Slot [50] registered
Jun 14 09:25:44 Nfs kernel: [    0.634683] acpiphp: Slot [51] registered
Jun 14 09:25:44 Nfs kernel: [    0.635151] acpiphp: Slot [52] registered
Jun 14 09:25:44 Nfs kernel: [    0.635246] acpiphp: Slot [53] registered
Jun 14 09:25:44 Nfs kernel: [    0.635326] acpiphp: Slot [54] registered
Jun 14 09:25:44 Nfs kernel: [    0.635657] acpiphp: Slot [55] registered
Jun 14 09:25:44 Nfs kernel: [    0.636437] acpiphp: Slot [56] registered
Jun 14 09:25:44 Nfs kernel: [    0.636528] acpiphp: Slot [57] registered
Jun 14 09:25:44 Nfs kernel: [    0.636609] acpiphp: Slot [58] registered
Jun 14 09:25:44 Nfs kernel: [    0.636689] acpiphp: Slot [59] registered
Jun 14 09:25:44 Nfs kernel: [    0.636769] acpiphp: Slot [60] registered
Jun 14 09:25:44 Nfs kernel: [    0.636847] acpiphp: Slot [61] registered
Jun 14 09:25:44 Nfs kernel: [    0.636940] acpiphp: Slot [62] registered
Jun 14 09:25:44 Nfs kernel: [    0.637019] acpiphp: Slot [63] registered
Jun 14 09:25:44 Nfs kernel: [    0.637170] pci 0000:02:00.0: [15ad:0774] type 00 class 0x0c0300
Jun 14 09:25:44 Nfs kernel: [    0.638654] pci 0000:02:00.0: reg 0x20: [io  0x20c0-0x20df]
Jun 14 09:25:44 Nfs kernel: [    0.640151] pci 0000:02:01.0: [8086:100f] type 00 class 0x020000
Jun 14 09:25:44 Nfs kernel: [    0.640850] pci 0000:02:01.0: reg 0x10: [mem 0xfd5c0000-0xfd5dffff 64bit]
Jun 14 09:25:44 Nfs kernel: [    0.641436] pci 0000:02:01.0: reg 0x18: [mem 0xfdff0000-0xfdffffff 64bit]
Jun 14 09:25:44 Nfs kernel: [    0.641969] pci 0000:02:01.0: reg 0x20: [io  0x2000-0x203f]
Jun 14 09:25:44 Nfs kernel: [    0.643140] pci 0000:02:01.0: reg 0x30: [mem 0x00000000-0x0000ffff pref]
Jun 14 09:25:44 Nfs kernel: [    0.643669] pci 0000:02:01.0: PME# supported from D0 D3hot D3cold
Jun 14 09:25:44 Nfs kernel: [    0.644493] pci 0000:02:02.0: [1274:1371] type 00 class 0x040100
Jun 14 09:25:44 Nfs kernel: [    0.644964] pci 0000:02:02.0: reg 0x10: [io  0x2040-0x207f]
Jun 14 09:25:44 Nfs kernel: [    0.647990] pci 0000:02:03.0: [15ad:0770] type 00 class 0x0c0320
Jun 14 09:25:44 Nfs kernel: [    0.648504] pci 0000:02:03.0: reg 0x10: [mem 0xfd5bf000-0xfd5bffff]
Jun 14 09:25:44 Nfs kernel: [    0.651640] pci 0000:02:04.0: [15ad:07e0] type 00 class 0x010601
Jun 14 09:25:44 Nfs kernel: [    0.653872] pci 0000:02:04.0: reg 0x24: [mem 0xfd5be000-0xfd5befff]
Jun 14 09:25:44 Nfs kernel: [    0.654312] pci 0000:02:04.0: reg 0x30: [mem 0x00000000-0x0000ffff pref]
Jun 14 09:25:44 Nfs kernel: [    0.654915] pci 0000:02:04.0: PME# supported from D3hot
Jun 14 09:25:44 Nfs kernel: [    0.655789] pci 0000:02:05.0: [8086:100f] type 00 class 0x020000
Jun 14 09:25:44 Nfs kernel: [    0.656465] pci 0000:02:05.0: reg 0x10: [mem 0xfd580000-0xfd59ffff 64bit]
Jun 14 09:25:44 Nfs kernel: [    0.657053] pci 0000:02:05.0: reg 0x18: [mem 0xfdfe0000-0xfdfeffff 64bit]
Jun 14 09:25:44 Nfs kernel: [    0.657626] pci 0000:02:05.0: reg 0x20: [io  0x2080-0x20bf]
Jun 14 09:25:44 Nfs kernel: [    0.658595] pci 0000:02:05.0: reg 0x30: [mem 0x00000000-0x0000ffff pref]
